Component: ARM Compiler 6.16 Tool: armlink [5dfeaa00]

==============================================================================

Section Cross References

    blinky.o(.text.app_initialize) refers to blinky.o(.text.app_main) for app_main
    blinky.o(.text.app_initialize) refers to rtx_thread.o(.text.osThreadNew) for osThreadNew
    blinky.o(.ARM.exidx.text.app_initialize) refers to blinky.o(.text.app_initialize) for [Anonymous Symbol]
    blinky.o(.text.app_main) refers to blinky.o(.text.thrLED) for thrLED
    blinky.o(.text.app_main) refers to rtx_thread.o(.text.osThreadNew) for osThreadNew
    blinky.o(.text.app_main) refers to blinky.o(.bss.tid_thrLED) for tid_thrLED
    blinky.o(.text.app_main) refers to blinky.o(.text.thrButton) for thrButton
    blinky.o(.text.app_main) refers to blinky.o(.bss.tid_thrButton) for tid_thrButton
    blinky.o(.text.app_main) refers to rtx_thread.o(.text.osThreadExit) for osThreadExit
    blinky.o(.ARM.exidx.text.app_main) refers to blinky.o(.text.app_main) for [Anonymous Symbol]
    blinky.o(.text.thrLED) refers to vio_b-l475e-iot01a.o(.text.vioSetSignal) for vioSetSignal
    blinky.o(.text.thrLED) refers to rtx_delay.o(.text.osDelay) for osDelay
    blinky.o(.text.thrLED) refers to rtx_thread.o(.text.osThreadFlagsWait) for osThreadFlagsWait
    blinky.o(.ARM.exidx.text.thrLED) refers to blinky.o(.text.thrLED) for [Anonymous Symbol]
    blinky.o(.text.thrButton) refers to blinky.o(.bss.tid_thrLED) for tid_thrLED
    blinky.o(.text.thrButton) refers to rtx_delay.o(.text.osDelay) for osDelay
    blinky.o(.text.thrButton) refers to vio_b-l475e-iot01a.o(.text.vioGetSignal) for vioGetSignal
    blinky.o(.text.thrButton) refers to rtx_thread.o(.text.osThreadFlagsSet) for osThreadFlagsSet
    blinky.o(.ARM.exidx.text.thrButton) refers to blinky.o(.text.thrButton) for [Anonymous Symbol]
    main.o(.text.HAL_GetTick) refers to rtx_kernel.o(.text.osKernelGetState) for osKernelGetState
    main.o(.text.HAL_GetTick) refers to rtx_kernel.o(.text.osKernelGetTickCount) for osKernelGetTickCount
    main.o(.text.HAL_GetTick) refers to system_stm32l4xx.o(.data.SystemCoreClock) for SystemCoreClock
    main.o(.text.HAL_GetTick) refers to main.o(.bss.HAL_GetTick.ticks) for HAL_GetTick.ticks
    main.o(.ARM.exidx.text.HAL_GetTick) refers to main.o(.text.HAL_GetTick) for [Anonymous Symbol]
    main.o(.text.main) refers to stm32l4xx_hal.o(.text.HAL_Init) for HAL_Init
    main.o(.text.main) refers to main.o(.text.SystemClock_Config) for SystemClock_Config
    main.o(.text.main) refers to system_stm32l4xx.o(.text.SystemCoreClockUpdate) for SystemCoreClockUpdate
    main.o(.text.main) refers to main.o(.text.MX_GPIO_Init) for MX_GPIO_Init
    main.o(.text.main) refers to vio_b-l475e-iot01a.o(.text.vioInit) for vioInit
    main.o(.text.main) refers to rtx_kernel.o(.text.osKernelInitialize) for osKernelInitialize
    main.o(.text.main) refers to blinky.o(.text.app_initialize) for app_initialize
    main.o(.text.main) refers to rtx_kernel.o(.text.osKernelStart) for osKernelStart
    main.o(.ARM.exidx.text.main) refers to main.o(.text.main) for [Anonymous Symbol]
    main.o(.text.SystemClock_Config) refers to rt_memclr_w.o(.text) for __aeabi_memclr4
    main.o(.text.SystemClock_Config) refers to stm32l4xx_hal_pwr.o(.text.HAL_PWR_EnableBkUpAccess) for HAL_PWR_EnableBkUpAccess
    main.o(.text.SystemClock_Config) refers to stm32l4xx_hal_rcc.o(.text.HAL_RCC_OscConfig) for HAL_RCC_OscConfig
    main.o(.text.SystemClock_Config) refers to stm32l4xx_hal_rcc.o(.text.HAL_RCC_ClockConfig) for HAL_RCC_ClockConfig
    main.o(.text.SystemClock_Config) refers to stm32l4xx_hal_pwr_ex.o(.text.HAL_PWREx_ControlVoltageScaling) for HAL_PWREx_ControlVoltageScaling
    main.o(.text.SystemClock_Config) refers to stm32l4xx_hal_rcc_ex.o(.text.HAL_RCCEx_EnableMSIPLLMode) for HAL_RCCEx_EnableMSIPLLMode
    main.o(.ARM.exidx.text.SystemClock_Config) refers to main.o(.text.SystemClock_Config) for [Anonymous Symbol]
    main.o(.ARM.exidx.text.MX_GPIO_Init) refers to main.o(.text.MX_GPIO_Init) for [Anonymous Symbol]
    main.o(.ARM.exidx.text.Error_Handler) refers to main.o(.text.Error_Handler) for [Anonymous Symbol]
    stm32l4xx_it.o(.ARM.exidx.text.NMI_Handler) refers to stm32l4xx_it.o(.text.NMI_Handler) for [Anonymous Symbol]
    stm32l4xx_it.o(.ARM.exidx.text.MemManage_Handler) refers to stm32l4xx_it.o(.text.MemManage_Handler) for [Anonymous Symbol]
    stm32l4xx_it.o(.ARM.exidx.text.BusFault_Handler) refers to stm32l4xx_it.o(.text.BusFault_Handler) for [Anonymous Symbol]
    stm32l4xx_it.o(.ARM.exidx.text.UsageFault_Handler) refers to stm32l4xx_it.o(.text.UsageFault_Handler) for [Anonymous Symbol]
    stm32l4xx_it.o(.ARM.exidx.text.DebugMon_Handler) refers to stm32l4xx_it.o(.text.DebugMon_Handler) for [Anonymous Symbol]
    stm32l475e_iot01.o(.ARM.exidx.text.BSP_GetVersion) refers to stm32l475e_iot01.o(.text.BSP_GetVersion) for [Anonymous Symbol]
[...]
    USART2_IRQHandler                        0x0800037b   Thumb Code     0  startup_stm32l475xx.o(.text)
    USART3_IRQHandler                        0x0800037b   Thumb Code     0  startup_stm32l475xx.o(.text)
    WWDG_IRQHandler                          0x0800037b   Thumb Code     0  startup_stm32l475xx.o(.text)
    __user_initial_stackheap                 0x0800037d   Thumb Code     0  startup_stm32l475xx.o(.text)
    __aeabi_memcpy                           0x080003a1   Thumb Code     0  rt_memcpy_v6.o(.text)
    __rt_memcpy                              0x080003a1   Thumb Code   138  rt_memcpy_v6.o(.text)
    _memcpy_lastbytes                        0x08000407   Thumb Code     0  rt_memcpy_v6.o(.text)
    __aeabi_memset4                          0x0800042b   Thumb Code    16  aeabi_memset4.o(.text)
    __aeabi_memset8                          0x0800042b   Thumb Code     0  aeabi_memset4.o(.text)
    __aeabi_memclr                           0x0800043b   Thumb Code     0  rt_memclr.o(.text)
    __rt_memclr                              0x0800043b   Thumb Code     0  rt_memclr.o(.text)
    _memset                                  0x0800043f   Thumb Code    64  rt_memclr.o(.text)
    __aeabi_memclr4                          0x0800047f   Thumb Code     0  rt_memclr_w.o(.text)
    __aeabi_memclr8                          0x0800047f   Thumb Code     0  rt_memclr_w.o(.text)
    __rt_memclr_w                            0x0800047f   Thumb Code     0  rt_memclr_w.o(.text)
    _memset_w                                0x08000483   Thumb Code    74  rt_memclr_w.o(.text)
    __use_two_region_memory                  0x080004cd   Thumb Code     2  heapauxi.o(.text)
    __rt_heap_escrow$2region                 0x080004cf   Thumb Code     2  heapauxi.o(.text)
    __rt_heap_expand$2region                 0x080004d1   Thumb Code     2  heapauxi.o(.text)
    __aeabi_memcpy4                          0x080004d3   Thumb Code     0  rt_memcpy_w.o(.text)
    __aeabi_memcpy8                          0x080004d3   Thumb Code     0  rt_memcpy_w.o(.text)
    __rt_memcpy_w                            0x080004d3   Thumb Code   100  rt_memcpy_w.o(.text)
    _memcpy_lastbytes_aligned                0x0800051b   Thumb Code     0  rt_memcpy_w.o(.text)
    __user_setup_stackheap                   0x08000537   Thumb Code    74  sys_stackheap_outer.o(.text)
    exit                                     0x08000581   Thumb Code    18  exit.o(.text)
    __user_libspace                          0x08000595   Thumb Code     8  libspace.o(.text)
    __user_perproc_libspace                  0x08000595   Thumb Code     0  libspace.o(.text)
    _sys_exit                                0x0800059d   Thumb Code     8  sys_exit.o(.text)
    __I$use$semihosting                      0x080005a9   Thumb Code     0  use_no_semi.o(.text)
    __use_no_semihosting_swi                 0x080005a9   Thumb Code     2  use_no_semi.o(.text)
    __semihosting_library_function           0x080005ab   Thumb Code     0  indicate_semi.o(.text)
    BSP_ACCELERO_Init                        0x080005ad   Thumb Code    44  stm32l475e_iot01_accelero.o(.text.BSP_ACCELERO_Init)
    BSP_GYRO_Init                            0x080005d9   Thumb Code    44  stm32l475e_iot01_gyro.o(.text.BSP_GYRO_Init)
    BSP_HSENSOR_Init                         0x08000605   Thumb Code    34  stm32l475e_iot01_hsensor.o(.text.BSP_HSENSOR_Init)
    BSP_LED_Init                             0x08000629   Thumb Code    72  stm32l475e_iot01.o(.text.BSP_LED_Init)
    BSP_LED_Off                              0x08000671   Thumb Code    26  stm32l475e_iot01.o(.text.BSP_LED_Off)
    BSP_LED_On                               0x0800068d   Thumb Code    26  stm32l475e_iot01.o(.text.BSP_LED_On)
    BSP_PB_GetState                          0x080006a9   Thumb Code    24  stm32l475e_iot01.o(.text.BSP_PB_GetState)
    BSP_PB_Init                              0x080006c1   Thumb Code   136  stm32l475e_iot01.o(.text.BSP_PB_Init)
    BSP_PSENSOR_Init                         0x08000749   Thumb Code    34  stm32l475e_iot01_psensor.o(.text.BSP_PSENSOR_Init)
    BSP_TSENSOR_Init                         0x0800076d   Thumb Code    26  stm32l475e_iot01_tsensor.o(.text.BSP_TSENSOR_Init)
    BusFault_Handler                         0x08000789   Thumb Code     2  stm32l4xx_it.o(.text.BusFault_Handler)
    DebugMon_Handler                         0x0800078d   Thumb Code     2  stm32l4xx_it.o(.text.DebugMon_Handler)
    EventRecord2                             0x080007e9   Thumb Code    54  eventrecorder.o(.text.EventRecord2)
    EventRecord4                             0x08000821   Thumb Code   104  eventrecorder.o(.text.EventRecord4)
    EventRecorderDisable                     0x0800093d   Thumb Code   108  eventrecorder.o(.text.EventRecorderDisable)
    EventRecorderEnable                      0x080009a9   Thumb Code   108  eventrecorder.o(.text.EventRecorderEnable)
    EventRecorderInitialize                  0x08000a15   Thumb Code   240  eventrecorder.o(.text.EventRecorderInitialize)
    EventRecorderStart                       0x08000b05   Thumb Code    48  eventrecorder.o(.text.EventRecorderStart)
    EventRecorderTimerGetCount               0x08000b35   Thumb Code    12  eventrecorder.o(.text.EventRecorderTimerGetCount)
    EventRecorderTimerSetup                  0x08000b41   Thumb Code    36  eventrecorder.o(.text.EventRecorderTimerSetup)
    EvrRtxDelay                              0x08000b65   Thumb Code    20  rtx_evr.o(.text.EvrRtxDelay)
    EvrRtxDelayCompleted                     0x08000b79   Thumb Code    20  rtx_evr.o(.text.EvrRtxDelayCompleted)
    EvrRtxDelayError                         0x08000b8d   Thumb Code    16  rtx_evr.o(.text.EvrRtxDelayError)
    EvrRtxDelayStarted                       0x08000b9d   Thumb Code    20  rtx_evr.o(.text.EvrRtxDelayStarted)
    EvrRtxEventFlagsWaitTimeout              0x08000bb1   Thumb Code    20  rtx_evr.o(.text.EvrRtxEventFlagsWaitTimeout)
    EvrRtxKernelError                        0x08000bc5   Thumb Code    16  rtx_evr.o(.text.EvrRtxKernelError)
    EvrRtxKernelErrorNotify                  0x08000bd5   Thumb Code    16  rtx_evr.o(.text.EvrRtxKernelErrorNotify)
    EvrRtxKernelGetTickCount                 0x08000be5   Thumb Code    20  rtx_evr.o(.text.EvrRtxKernelGetTickCount)
    EvrRtxKernelInitialize                   0x08000bf9   Thumb Code    20  rtx_evr.o(.text.EvrRtxKernelInitialize)
    EvrRtxKernelInitialized                  0x08000c0d   Thumb Code    20  rtx_evr.o(.text.EvrRtxKernelInitialized)
    EvrRtxKernelStart                        0x08000c21   Thumb Code    20  rtx_evr.o(.text.EvrRtxKernelStart)
    EvrRtxKernelStarted                      0x08000c35   Thumb Code    20  rtx_evr.o(.text.EvrRtxKernelStarted)
    EvrRtxMemoryAlloc                        0x08000c49   Thumb Code    32  rtx_evr.o(.text.EvrRtxMemoryAlloc)
    EvrRtxMemoryBlockAlloc                   0x08000c69   Thumb Code    20  rtx_evr.o(.text.EvrRtxMemoryBlockAlloc)
    EvrRtxMemoryBlockFree                    0x08000c7d   Thumb Code    34  rtx_evr.o(.text.EvrRtxMemoryBlockFree)
    EvrRtxMemoryBlockInit                    0x08000ca1   Thumb Code    32  rtx_evr.o(.text.EvrRtxMemoryBlockInit)
    EvrRtxMemoryFree                         0x08000cc1   Thumb Code    34  rtx_evr.o(.text.EvrRtxMemoryFree)
    EvrRtxMemoryInit                         0x08000ce5   Thumb Code    30  rtx_evr.o(.text.EvrRtxMemoryInit)
    EvrRtxMemoryPoolAllocTimeout             0x08000d05   Thumb Code    20  rtx_evr.o(.text.EvrRtxMemoryPoolAllocTimeout)
    EvrRtxMessageQueueCreated                0x08000d19   Thumb Code    20  rtx_evr.o(.text.EvrRtxMessageQueueCreated)
    EvrRtxMessageQueueError                  0x08000d2d   Thumb Code    16  rtx_evr.o(.text.EvrRtxMessageQueueError)
    EvrRtxMessageQueueGet                    0x08000d3d   Thumb Code    32  rtx_evr.o(.text.EvrRtxMessageQueueGet)
    EvrRtxMessageQueueGetPending             0x08000d5d   Thumb Code    34  rtx_evr.o(.text.EvrRtxMessageQueueGetPending)
    EvrRtxMessageQueueGetTimeout             0x08000d81   Thumb Code    20  rtx_evr.o(.text.EvrRtxMessageQueueGetTimeout)
    EvrRtxMessageQueueInsertPending          0x08000d95   Thumb Code    20  rtx_evr.o(.text.EvrRtxMessageQueueInsertPending)
    EvrRtxMessageQueueInserted               0x08000da9   Thumb Code    20  rtx_evr.o(.text.EvrRtxMessageQueueInserted)
    EvrRtxMessageQueueNotInserted            0x08000dbd   Thumb Code    20  rtx_evr.o(.text.EvrRtxMessageQueueNotInserted)
    EvrRtxMessageQueueNotRetrieved           0x08000dd1   Thumb Code    20  rtx_evr.o(.text.EvrRtxMessageQueueNotRetrieved)
    EvrRtxMessageQueuePut                    0x08000de5   Thumb Code    32  rtx_evr.o(.text.EvrRtxMessageQueuePut)
    EvrRtxMessageQueuePutPending             0x08000e05   Thumb Code    34  rtx_evr.o(.text.EvrRtxMessageQueuePutPending)
    EvrRtxMessageQueuePutTimeout             0x08000e29   Thumb Code    20  rtx_evr.o(.text.EvrRtxMessageQueuePutTimeout)
    EvrRtxMessageQueueRetrieved              0x08000e3d   Thumb Code    20  rtx_evr.o(.text.EvrRtxMessageQueueRetrieved)
    EvrRtxMutexAcquire                       0x08000e51   Thumb Code    20  rtx_evr.o(.text.EvrRtxMutexAcquire)
    EvrRtxMutexAcquirePending                0x08000e65   Thumb Code    20  rtx_evr.o(.text.EvrRtxMutexAcquirePending)
    EvrRtxMutexAcquireTimeout                0x08000e79   Thumb Code    20  rtx_evr.o(.text.EvrRtxMutexAcquireTimeout)
    EvrRtxMutexAcquired                      0x08000e8d   Thumb Code    20  rtx_evr.o(.text.EvrRtxMutexAcquired)
    EvrRtxMutexCreated                       0x08000ea1   Thumb Code    20  rtx_evr.o(.text.EvrRtxMutexCreated)
    EvrRtxMutexDelete                        0x08000eb5   Thumb Code    20  rtx_evr.o(.text.EvrRtxMutexDelete)
    EvrRtxMutexDestroyed                     0x08000ec9   Thumb Code    20  rtx_evr.o(.text.EvrRtxMutexDestroyed)
    EvrRtxMutexError                         0x08000edd   Thumb Code    16  rtx_evr.o(.text.EvrRtxMutexError)
    EvrRtxMutexNew                           0x08000eed   Thumb Code    20  rtx_evr.o(.text.EvrRtxMutexNew)
    EvrRtxMutexNotAcquired                   0x08000f01   Thumb Code    20  rtx_evr.o(.text.EvrRtxMutexNotAcquired)
    EvrRtxMutexRelease                       0x08000f15   Thumb Code    20  rtx_evr.o(.text.EvrRtxMutexRelease)
    EvrRtxMutexReleased                      0x08000f29   Thumb Code    20  rtx_evr.o(.text.EvrRtxMutexReleased)
    EvrRtxSemaphoreAcquireTimeout            0x08000f3d   Thumb Code    20  rtx_evr.o(.text.EvrRtxSemaphoreAcquireTimeout)
    EvrRtxThreadBlocked                      0x08000f51   Thumb Code    20  rtx_evr.o(.text.EvrRtxThreadBlocked)
    EvrRtxThreadCreated                      0x08000f65   Thumb Code    28  rtx_evr.o(.text.EvrRtxThreadCreated)
    EvrRtxThreadDestroyed                    0x08000f81   Thumb Code    20  rtx_evr.o(.text.EvrRtxThreadDestroyed)
    EvrRtxThreadError                        0x08000f95   Thumb Code    16  rtx_evr.o(.text.EvrRtxThreadError)
    EvrRtxThreadExit                         0x08000fa5   Thumb Code    20  rtx_evr.o(.text.EvrRtxThreadExit)
    EvrRtxThreadFlagsError                   0x08000fb9   Thumb Code    16  rtx_evr.o(.text.EvrRtxThreadFlagsError)
    EvrRtxThreadFlagsSet                     0x08000fc9   Thumb Code    20  rtx_evr.o(.text.EvrRtxThreadFlagsSet)
    EvrRtxThreadFlagsSetDone                 0x08000fdd   Thumb Code    20  rtx_evr.o(.text.EvrRtxThreadFlagsSetDone)
    EvrRtxThreadFlagsWait                    0x08000ff1   Thumb Code    34  rtx_evr.o(.text.EvrRtxThreadFlagsWait)
    EvrRtxThreadFlagsWaitCompleted           0x08001015   Thumb Code    32  rtx_evr.o(.text.EvrRtxThreadFlagsWaitCompleted)
    EvrRtxThreadFlagsWaitNotCompleted        0x08001035   Thumb Code    20  rtx_evr.o(.text.EvrRtxThreadFlagsWaitNotCompleted)
    EvrRtxThreadFlagsWaitPending             0x08001049   Thumb Code    34  rtx_evr.o(.text.EvrRtxThreadFlagsWaitPending)
    EvrRtxThreadFlagsWaitTimeout             0x0800106d   Thumb Code    20  rtx_evr.o(.text.EvrRtxThreadFlagsWaitTimeout)
    EvrRtxThreadJoined                       0x08001081   Thumb Code    20  rtx_evr.o(.text.EvrRtxThreadJoined)
    EvrRtxThreadNew                          0x08001095   Thumb Code    34  rtx_evr.o(.text.EvrRtxThreadNew)
    EvrRtxThreadPreempted                    0x080010b9   Thumb Code    20  rtx_evr.o(.text.EvrRtxThreadPreempted)
    EvrRtxThreadSwitched                     0x080010cd   Thumb Code    20  rtx_evr.o(.text.EvrRtxThreadSwitched)
    EvrRtxThreadUnblocked                    0x080010e1   Thumb Code    20  rtx_evr.o(.text.EvrRtxThreadUnblocked)
    EvrRtxTimerCallback                      0x080010f5   Thumb Code    20  rtx_evr.o(.text.EvrRtxTimerCallback)
    HAL_GPIO_Init                            0x08001125   Thumb Code   438  stm32l4xx_hal_gpio.o(.text.HAL_GPIO_Init)
    HAL_GPIO_ReadPin                         0x080012e1   Thumb Code    10  stm32l4xx_hal_gpio.o(.text.HAL_GPIO_ReadPin)
    HAL_GPIO_WritePin                        0x080012ed   Thumb Code    12  stm32l4xx_hal_gpio.o(.text.HAL_GPIO_WritePin)
    HAL_GetTick                              0x080012f9   Thumb Code    80  main.o(.text.HAL_GetTick)
    HAL_I2CEx_ConfigAnalogFilter             0x08001349   Thumb Code    74  stm32l4xx_hal_i2c_ex.o(.text.HAL_I2CEx_ConfigAnalogFilter)
    HAL_I2C_DeInit                           0x08001395   Thumb Code    54  stm32l4xx_hal_i2c.o(.text.HAL_I2C_DeInit)
    HAL_I2C_Init                             0x080013cd   Thumb Code   162  stm32l4xx_hal_i2c.o(.text.HAL_I2C_Init)
    HAL_I2C_Mem_Read                         0x08001471   Thumb Code   402  stm32l4xx_hal_i2c.o(.text.HAL_I2C_Mem_Read)
    HAL_I2C_Mem_Write                        0x08001609   Thumb Code   388  stm32l4xx_hal_i2c.o(.text.HAL_I2C_Mem_Write)
    HAL_I2C_MspDeInit                        0x08001795   Thumb Code     2  stm32l4xx_hal_i2c.o(.text.HAL_I2C_MspDeInit)
    HAL_I2C_MspInit                          0x08001799   Thumb Code     2  stm32l4xx_hal_i2c.o(.text.HAL_I2C_MspInit)
    HAL_Init                                 0x0800179d   Thumb Code    30  stm32l4xx_hal.o(.text.HAL_Init)
    HAL_InitTick                             0x080017bd   Thumb Code    86  stm32l4xx_hal.o(.text.HAL_InitTick)
    HAL_MspInit                              0x08001815   Thumb Code    76  stm32l4xx_hal_msp.o(.text.HAL_MspInit)
    HAL_NVIC_EnableIRQ                       0x08001861   Thumb Code     8  stm32l4xx_hal_cortex.o(.text.HAL_NVIC_EnableIRQ)
    HAL_NVIC_SetPriority                     0x08001869   Thumb Code    30  stm32l4xx_hal_cortex.o(.text.HAL_NVIC_SetPriority)
    HAL_NVIC_SetPriorityGrouping             0x08001889   Thumb Code     8  stm32l4xx_hal_cortex.o(.text.HAL_NVIC_SetPriorityGrouping)
    HAL_PWREx_ControlVoltageScaling          0x08001891   Thumb Code   118  stm32l4xx_hal_pwr_ex.o(.text.HAL_PWREx_ControlVoltageScaling)
    HAL_PWREx_GetVoltageRange                0x08001909   Thumb Code    16  stm32l4xx_hal_pwr_ex.o(.text.HAL_PWREx_GetVoltageRange)
    HAL_PWR_EnableBkUpAccess                 0x08001919   Thumb Code    18  stm32l4xx_hal_pwr.o(.text.HAL_PWR_EnableBkUpAccess)
    HAL_RCCEx_EnableMSIPLLMode               0x0800192d   Thumb Code    18  stm32l4xx_hal_rcc_ex.o(.text.HAL_RCCEx_EnableMSIPLLMode)
    HAL_RCC_ClockConfig                      0x08001941   Thumb Code   352  stm32l4xx_hal_rcc.o(.text.HAL_RCC_ClockConfig)
    HAL_RCC_GetSysClockFreq                  0x08001aa1   Thumb Code   192  stm32l4xx_hal_rcc.o(.text.HAL_RCC_GetSysClockFreq)
    HAL_RCC_OscConfig                        0x08001b61   Thumb Code  1438  stm32l4xx_hal_rcc.o(.text.HAL_RCC_OscConfig)
    HAL_SYSTICK_Config                       0x08002101   Thumb Code     8  stm32l4xx_hal_cortex.o(.text.HAL_SYSTICK_Config)
    HTS221_H_Init                            0x08002109   Thumb Code    30  hts221.o(.text.HTS221_H_Init)
    HTS221_H_ReadHumidity                    0x08002129   Thumb Code   204  hts221.o(.text.HTS221_H_ReadHumidity)
    HTS221_H_ReadID                          0x080021f5   Thumb Code    18  hts221.o(.text.HTS221_H_ReadID)
    HTS221_T_Init                            0x08002209   Thumb Code    30  hts221.o(.text.HTS221_T_Init)
    HTS221_T_ReadTemp                        0x08002229   Thumb Code   158  hts221.o(.text.HTS221_T_ReadTemp)
    LPS22HB_P_Init                           0x08002825   Thumb Code     8  lps22hb.o(.text.LPS22HB_P_Init)
    LPS22HB_P_ReadID                         0x0800282d   Thumb Code    18  lps22hb.o(.text.LPS22HB_P_ReadID)
    LPS22HB_P_ReadPressure                   0x08002841   Thumb Code   104  lps22hb.o(.text.LPS22HB_P_ReadPressure)
    LSM6DSL_AccDeInit                        0x080028a9   Thumb Code    24  lsm6dsl.o(.text.LSM6DSL_AccDeInit)
    LSM6DSL_AccInit                          0x080028c1   Thumb Code    54  lsm6dsl.o(.text.LSM6DSL_AccInit)
    LSM6DSL_AccLowPower                      0x080028f9   Thumb Code    40  lsm6dsl.o(.text.LSM6DSL_AccLowPower)
    LSM6DSL_AccReadID                        0x08002921   Thumb Code    16  lsm6dsl.o(.text.LSM6DSL_AccReadID)
    LSM6DSL_AccReadXYZ                       0x08002931   Thumb Code   132  lsm6dsl.o(.text.LSM6DSL_AccReadXYZ)
    LSM6DSL_GyroDeInit                       0x080029b5   Thumb Code    24  lsm6dsl.o(.text.LSM6DSL_GyroDeInit)
    LSM6DSL_GyroInit                         0x080029cd   Thumb Code    54  lsm6dsl.o(.text.LSM6DSL_GyroInit)
    LSM6DSL_GyroLowPower                     0x08002a05   Thumb Code    40  lsm6dsl.o(.text.LSM6DSL_GyroLowPower)
    LSM6DSL_GyroReadID                       0x08002a2d   Thumb Code    16  lsm6dsl.o(.text.LSM6DSL_GyroReadID)
    LSM6DSL_GyroReadXYZAngRate               0x08002a3d   Thumb Code   128  lsm6dsl.o(.text.LSM6DSL_GyroReadXYZAngRate)
    MemManage_Handler                        0x08002b09   Thumb Code     2  stm32l4xx_it.o(.text.MemManage_Handler)
    NMI_Handler                              0x08002bb1   Thumb Code     2  stm32l4xx_it.o(.text.NMI_Handler)
    OS_Tick_AcknowledgeIRQ                   0x08002be1   Thumb Code    12  os_systick.o(.text.OS_Tick_AcknowledgeIRQ)
    OS_Tick_Enable                           0x08002bed   Thumb Code    50  os_systick.o(.text.OS_Tick_Enable)
    OS_Tick_GetIRQn                          0x08002c21   Thumb Code     6  os_systick.o(.text.OS_Tick_GetIRQn)
    OS_Tick_Setup                            0x08002c29   Thumb Code    72  os_systick.o(.text.OS_Tick_Setup)
    SENSOR_IO_Init                           0x08002d01   Thumb Code     8  stm32l475e_iot01.o(.text.SENSOR_IO_Init)
    SENSOR_IO_Read                           0x08002d09   Thumb Code    28  stm32l475e_iot01.o(.text.SENSOR_IO_Read)
    SENSOR_IO_ReadMultiple                   0x08002d25   Thumb Code     8  stm32l475e_iot01.o(.text.SENSOR_IO_ReadMultiple)
    SENSOR_IO_Write                          0x08002d2d   Thumb Code    22  stm32l475e_iot01.o(.text.SENSOR_IO_Write)
    SystemClock_Config                       0x08002dc1   Thumb Code   126  main.o(.text.SystemClock_Config)
    SystemCoreClockUpdate                    0x08002e41   Thumb Code   190  system_stm32l4xx.o(.text.SystemCoreClockUpdate)
    SystemInit                               0x08002f01   Thumb Code    82  system_stm32l4xx.o(.text.SystemInit)
    UsageFault_Handler                       0x08003049   Thumb Code     2  stm32l4xx_it.o(.text.UsageFault_Handler)
    _mutex_acquire                           0x080030d1   Thumb Code    26  rtx_lib.o(.text._mutex_acquire)
    _mutex_free                              0x080030ed   Thumb Code    10  rtx_lib.o(.text._mutex_free)
    _mutex_initialize                        0x080030f9   Thumb Code    32  rtx_lib.o(.text._mutex_initialize)
    _mutex_release                           0x08003119   Thumb Code    22  rtx_lib.o(.text._mutex_release)
    _platform_post_stackheap_init            0x08003131   Thumb Code     8  rtx_lib.o(.text._platform_post_stackheap_init)
    app_initialize                           0x08003139   Thumb Code    20  blinky.o(.text.app_initialize)
    main                                     0x0800361d   Thumb Code    34  main.o(.text.main)
    osDelay                                  0x08003641   Thumb Code    50  rtx_delay.o(.text.osDelay)
    osKernelGetState                         0x08003675   Thumb Code    38  rtx_kernel.o(.text.osKernelGetState)
    osKernelGetTickCount                     0x0800369d   Thumb Code    32  rtx_kernel.o(.text.osKernelGetTickCount)
    osKernelInitialize                       0x080036bd   Thumb Code    50  rtx_kernel.o(.text.osKernelInitialize)
    osKernelStart                            0x080036f1   Thumb Code    46  rtx_kernel.o(.text.osKernelStart)
    osMessageQueueGet                        0x08003721   Thumb Code    66  rtx_msgqueue.o(.text.osMessageQueueGet)
    osMessageQueuePut                        0x08003765   Thumb Code    66  rtx_msgqueue.o(.text.osMessageQueuePut)
    osMutexAcquire                           0x080037a9   Thumb Code    56  rtx_mutex.o(.text.osMutexAcquire)
    osMutexDelete                            0x080037e1   Thumb Code    52  rtx_mutex.o(.text.osMutexDelete)
    osMutexNew                               0x08003815   Thumb Code    50  rtx_mutex.o(.text.osMutexNew)
    osMutexRelease                           0x08003849   Thumb Code    52  rtx_mutex.o(.text.osMutexRelease)
    osRtxErrorNotify                         0x0800387d   Thumb Code     2  rtx_config.o(.text.osRtxErrorNotify)
    osRtxIdleThread                          0x08003889   Thumb Code     2  rtx_config.o(.text.osRtxIdleThread)
    osRtxKernelErrorNotify                   0x0800388d   Thumb Code    20  rtx_kernel.o(.text.osRtxKernelErrorNotify)
    osRtxKernelPreInit                       0x080038b9   Thumb Code    16  rtx_lib.o(.text.osRtxKernelPreInit)
    osRtxMemoryAlloc                         0x080038d5   Thumb Code   182  rtx_memory.o(.text.osRtxMemoryAlloc)
    osRtxMemoryFree                          0x0800398d   Thumb Code   120  rtx_memory.o(.text.osRtxMemoryFree)
    osRtxMemoryInit                          0x08003a05   Thumb Code   100  rtx_memory.o(.text.osRtxMemoryInit)
    osRtxMemoryPoolAlloc                     0x08003a69   Thumb Code    42  rtx_mempool.o(.text.osRtxMemoryPoolAlloc)
    osRtxMemoryPoolFree                      0x08003a95   Thumb Code    66  rtx_mempool.o(.text.osRtxMemoryPoolFree)
    osRtxMemoryPoolInit                      0x08003ad9   Thumb Code    96  rtx_mempool.o(.text.osRtxMemoryPoolInit)
    osRtxMessageQueueTimerSetup              0x08003c51   Thumb Code    48  rtx_msgqueue.o(.text.osRtxMessageQueueTimerSetup)
    osRtxMutexOwnerRelease                   0x08003c89   Thumb Code   106  rtx_mutex.o(.text.osRtxMutexOwnerRelease)
    osRtxMutexOwnerRestore                   0x08003cf5   Thumb Code    80  rtx_mutex.o(.text.osRtxMutexOwnerRestore)
    osRtxPendSV_Handler                      0x08003d55   Thumb Code   100  rtx_system.o(.text.osRtxPendSV_Handler)
    osRtxPostProcess                         0x08003db9   Thumb Code    44  rtx_system.o(.text.osRtxPostProcess)
    osRtxThreadDelayTick                     0x08003f25   Thumb Code   246  rtx_thread.o(.text.osRtxThreadDelayTick)
    osRtxThreadDispatch                      0x08004055   Thumb Code    94  rtx_thread.o(.text.osRtxThreadDispatch)
    osRtxThreadListGet                       0x08004171   Thumb Code    24  rtx_thread.o(.text.osRtxThreadListGet)
    osRtxThreadListPut                       0x08004189   Thumb Code    52  rtx_thread.o(.text.osRtxThreadListPut)
    osRtxThreadListRemove                    0x080041bd   Thumb Code    26  rtx_thread.o(.text.osRtxThreadListRemove)
    osRtxThreadListSort                      0x080041ed   Thumb Code    48  rtx_thread.o(.text.osRtxThreadListSort)
    osRtxThreadReadyPut                      0x0800425d   Thumb Code    24  rtx_thread.o(.text.osRtxThreadReadyPut)
    osRtxThreadRegPtr                        0x08004275   Thumb Code    16  rtx_thread.o(.text.osRtxThreadRegPtr)
    osRtxThreadStackCheck                    0x0800429d   Thumb Code    32  rtx_thread.o(.text.osRtxThreadStackCheck)
    osRtxThreadStartup                       0x080042bd   Thumb Code    80  rtx_thread.o(.text.osRtxThreadStartup)
    osRtxThreadSwitch                        0x0800430d   Thumb Code    22  rtx_thread.o(.text.osRtxThreadSwitch)
    osRtxThreadWaitEnter                     0x08004325   Thumb Code    92  rtx_thread.o(.text.osRtxThreadWaitEnter)
    osRtxThreadWaitExit                      0x08004381   Thumb Code    42  rtx_thread.o(.text.osRtxThreadWaitExit)
    osRtxTick_Handler                        0x080043ad   Thumb Code   138  rtx_system.o(.text.osRtxTick_Handler)
    osRtxTimerSetup                          0x08004439   Thumb Code    38  rtx_timer.o(.text.osRtxTimerSetup)
    osRtxTimerThread                         0x08004461   Thumb Code    42  rtx_timer.o(.text.osRtxTimerThread)
    osThreadExit                             0x08004515   Thumb Code    26  rtx_thread.o(.text.osThreadExit)
    osThreadFlagsSet                         0x08004531   Thumb Code    48  rtx_thread.o(.text.osThreadFlagsSet)
    osThreadFlagsWait                        0x08004561   Thumb Code    60  rtx_thread.o(.text.osThreadFlagsWait)
    osThreadNew                              0x0800459d   Thumb Code    58  rtx_thread.o(.text.osThreadNew)
    vioGetSignal                             0x080053b1   Thumb Code    42  vio_b-l475e-iot01a.o(.text.vioGetSignal)
    vioInit                                  0x080053dd   Thumb Code   140  vio_b-l475e-iot01a.o(.text.vioInit)
    vioSetSignal                             0x08005469   Thumb Code    52  vio_b-l475e-iot01a.o(.text.vioSetSignal)
    _fp_init                                 0x0800549d   Thumb Code    26  fpinit.o(x$fpl$fpinit)
    __fplib_config_fpu_vfp                   0x080054b5   Thumb Code     0  fpinit.o(x$fpl$fpinit)
    __fplib_config_pureend_doubles           0x080054b5   Thumb Code     0  fpinit.o(x$fpl$fpinit)
    osRtxConfig                              0x080054b8   Data         112  rtx_lib.o(.rodata)
    os_cb_sections                           0x08005528   Data          56  rtx_lib.o(.rodata)
    AHBPrescTable                            0x08005560   Data          16  system_stm32l4xx.o(.rodata.AHBPrescTable)
    EventRecorderInfo                        0x08005570   Data          24  eventrecorder.o(.rodata.EventRecorderInfo)
    MSIRangeTable                            0x08005588   Data          48  system_stm32l4xx.o(.rodata.MSIRangeTable)
    osRtxUserSVC                             0x080055b8   Data           4  rtx_lib.o(.rodata.osRtxUserSVC)
    Region$$Table$$Base                      0x08005628   Number         0  anon$$obj.o(Region$$Table)
    Region$$Table$$Limit                     0x08005648   Number         0  anon$$obj.o(Region$$Table)
    BUTTON_PORT                              0x20000000   Data           4  stm32l475e_iot01.o(.data.BUTTON_PORT)
    GPIO_PORT                                0x20000004   Data           4  stm32l475e_iot01.o(.data.GPIO_PORT)
    HTS221_H_Drv                             0x20000008   Data          12  hts221.o(.data.HTS221_H_Drv)
    HTS221_T_Drv                             0x20000014   Data          16  hts221.o(.data.HTS221_T_Drv)
    LPS22HB_P_Drv                            0x20000024   Data          12  lps22hb.o(.data.LPS22HB_P_Drv)
    Lsm6dslAccDrv                            0x20000030   Data          52  lsm6dsl.o(.data.Lsm6dslAccDrv)
    Lsm6dslGyroDrv                           0x20000064   Data          52  lsm6dsl.o(.data.Lsm6dslGyroDrv)
    SystemCoreClock                          0x20000098   Data           4  system_stm32l4xx.o(.data.SystemCoreClock)
    osRtxInfo                                0x2000009c   Data         164  rtx_kernel.o(.data.os)
    uwTickFreq                               0x20000140   Data           1  stm32l4xx_hal.o(.data.uwTickFreq)
    uwTickPrio                               0x20000144   Data           4  stm32l4xx_hal.o(.data.uwTickPrio)
    __libspace_start                         0x20000148   Data          96  libspace.o(.bss)
    __temporary_stack_top$libspace           0x200001a8   Data           0  libspace.o(.bss)
    hI2cHandler                              0x200001b4   Data          76  stm32l475e_iot01.o(.bss.hI2cHandler)
    .bss.os.msgqueue.cb$$Base                0x20006004   Number         0  rtx_lib.o(.bss.os.msgqueue.cb)
    .bss.os.msgqueue.cb$$Limit               0x20006038   Number         0  rtx_lib.o(.bss.os.msgqueue.cb)
    .bss.os.thread.cb$$Base                  0x20006088   Number         0  rtx_lib.o(.bss.os.thread.cb)
    .bss.os.thread.cb$$Limit                 0x20006110   Number         0  rtx_lib.o(.bss.os.thread.cb)
    vioAddrIPv4                              0x20006520   Data           8  vio_b-l475e-iot01a.o(.bss.vioAddrIPv4)
    vioAddrIPv6                              0x20006528   Data          32  vio_b-l475e-iot01a.o(.bss.vioAddrIPv6)
    vioPrintMem                              0x20006548   Data         256  vio_b-l475e-iot01a.o(.bss.vioPrintMem)
    vioSignalIn                              0x20006648   Data           4  vio_b-l475e-iot01a.o(.bss.vioSignalIn)
    vioSignalOut                             0x2000664c   Data           4  vio_b-l475e-iot01a.o(.bss.vioSignalOut)
    vioValue                                 0x20006650   Data          12  vio_b-l475e-iot01a.o(.bss.vioValue)
    vioValueXYZ                              0x2000665c   Data          36  vio_b-l475e-iot01a.o(.bss.vioValueXYZ)



==============================================================================

Memory Map of the image

  Image Entry point : 0x08000189

  Load Region LR_IROM1 (Base: 0x08000000, Size: 0x00005790, Max: 0x00100000, ABSOLUTE, COMPRESSED[0x000056b8])

    Execution Region ER_IROM1 (Exec base: 0x08000000, Load base: 0x08000000, Size: 0x00005648, Max: 0x00100000, ABSOLUTE)

    Exec Addr    Load Addr    Size         Type   Attr      Idx    E Section Name        Object

    0x08000000   0x08000000   0x00000188   Data   RO         2389    RESET               startup_stm32l475xx.o
    0x08000188   0x08000188   0x00000008   Code   RO         2428  * !!!main             c_w.l(__main.o)
    0x08000190   0x08000190   0x00000034   Code   RO         2779    !!!scatter          c_w.l(__scatter.o)
    0x080001c4   0x080001c4   0x0000003a   Code   RO         2777    !!dczerorl          c_w.l(__dczerorl.o)
    0x080001fe   0x080001fe   0x00000002   PAD
    0x08000200   0x08000200   0x0000001c   Code   RO         2781    !!handler_zi        c_w.l(__scatter_zi.o)
    0x0800021c   0x0800021c   0x00000002   Code   RO         2627    .ARM.Collect$$libinit$$00000000  c_w.l(libinit.o)
    0x0800021e   0x0800021e   0x00000004   Code   RO         2651    .ARM.Collect$$libinit$$00000001  c_w.l(libinit2.o)
    0x08000222   0x08000222   0x00000000   Code   RO         2654    .ARM.Collect$$libinit$$00000004  c_w.l(libinit2.o)
    0x08000222   0x08000222   0x00000000   Code   RO         2657    .ARM.Collect$$libinit$$0000000A  c_w.l(libinit2.o)
    0x08000222   0x08000222   0x00000000   Code   RO         2659    .ARM.Collect$$libinit$$0000000C  c_w.l(libinit2.o)
    0x08000222   0x08000222   0x00000000   Code   RO         2661    .ARM.Collect$$libinit$$0000000E  c_w.l(libinit2.o)
    0x08000222   0x08000222   0x00000000   Code   RO         2664    .ARM.Collect$$libinit$$00000011  c_w.l(libinit2.o)
    0x08000222   0x08000222   0x00000000   Code   RO         2666    .ARM.Collect$$libinit$$00000013  c_w.l(libinit2.o)
    0x08000222   0x08000222   0x00000000   Code   RO         2668    .ARM.Collect$$libinit$$00000015  c_w.l(libinit2.o)
    0x08000222   0x08000222   0x00000000   Code   RO         2670    .ARM.Collect$$libinit$$00000017  c_w.l(libinit2.o)
    0x08000222   0x08000222   0x00000000   Code   RO         2672    .ARM.Collect$$libinit$$00000019  c_w.l(libinit2.o)
    0x08000222   0x08000222   0x00000000   Code   RO         2674    .ARM.Collect$$libinit$$0000001B  c_w.l(libinit2.o)
    0x08000222   0x08000222   0x00000000   Code   RO         2676    .ARM.Collect$$libinit$$0000001D  c_w.l(libinit2.o)
    0x08000222   0x08000222   0x00000000   Code   RO         2678    .ARM.Collect$$libinit$$0000001F  c_w.l(libinit2.o)
    0x08000222   0x08000222   0x00000000   Code   RO         2680    .ARM.Collect$$libinit$$00000021  c_w.l(libinit2.o)
    0x08000222   0x08000222   0x00000000   Code   RO         2682    .ARM.Collect$$libinit$$00000023  c_w.l(libinit2.o)
    0x08000222   0x08000222   0x00000000   Code   RO         2684    .ARM.Collect$$libinit$$00000025  c_w.l(libinit2.o)
    0x08000222   0x08000222   0x00000000   Code   RO         2688    .ARM.Collect$$libinit$$0000002C  c_w.l(libinit2.o)
    0x08000222   0x08000222   0x00000000   Code   RO         2690    .ARM.Collect$$libinit$$0000002E  c_w.l(libinit2.o)
    0x08000222   0x08000222   0x00000000   Code   RO         2692    .ARM.Collect$$libinit$$00000030  c_w.l(libinit2.o)
    0x08000222   0x08000222   0x00000000   Code   RO         2694    .ARM.Collect$$libinit$$00000032  c_w.l(libinit2.o)
    0x08000222   0x08000222   0x00000002   Code   RO         2695    .ARM.Collect$$libinit$$00000033  c_w.l(libinit2.o)
    0x08000224   0x08000224   0x00000002   Code   RO         2732    .ARM.Collect$$libshutdown$$00000000  c_w.l(libshutdown.o)
    0x08000226   0x08000226   0x00000000   Code   RO         2760    .ARM.Collect$$libshutdown$$00000002  c_w.l(libshutdown2.o)
    0x08000226   0x08000226   0x00000000   Code   RO         2762    .ARM.Collect$$libshutdown$$00000004  c_w.l(libshutdown2.o)
    0x08000226   0x08000226   0x00000000   Code   RO         2765    .ARM.Collect$$libshutdown$$00000007  c_w.l(libshutdown2.o)
    0x08000226   0x08000226   0x00000000   Code   RO         2768    .ARM.Collect$$libshutdown$$0000000A  c_w.l(libshutdown2.o)
    0x08000226   0x08000226   0x00000000   Code   RO         2770    .ARM.Collect$$libshutdown$$0000000C  c_w.l(libshutdown2.o)
    0x08000226   0x08000226   0x00000000   Code   RO         2773    .ARM.Collect$$libshutdown$$0000000F  c_w.l(libshutdown2.o)
    0x08000226   0x08000226   0x00000002   Code   RO         2774    .ARM.Collect$$libshutdown$$00000010  c_w.l(libshutdown2.o)
    0x08000228   0x08000228   0x00000000   Code   RO         2430    .ARM.Collect$$rtentry$$00000000  c_w.l(__rtentry.o)
    0x08000228   0x08000228   0x00000000   Code   RO         2539    .ARM.Collect$$rtentry$$00000002  c_w.l(__rtentry2.o)
    0x08000228   0x08000228   0x00000006   Code   RO         2551    .ARM.Collect$$rtentry$$00000004  c_w.l(__rtentry4.o)
    0x0800022e   0x0800022e   0x00000008   Code   RO         2540    .ARM.Collect$$rtentry$$00000008  c_w.l(__rtentry2.o)
    0x08000236   0x08000236   0x00000004   Code   RO         2542    .ARM.Collect$$rtentry$$0000000A  c_w.l(__rtentry2.o)
    0x0800023a   0x0800023a   0x00000000   Code   RO         2544    .ARM.Collect$$rtentry$$0000000C  c_w.l(__rtentry2.o)
    0x0800023a   0x0800023a   0x00000008   Code   RO         2545    .ARM.Collect$$rtentry$$0000000D  c_w.l(__rtentry2.o)
    0x08000242   0x08000242   0x00000002   Code   RO         2636    .ARM.Collect$$rtexit$$00000000  c_w.l(rtexit.o)
    0x08000244   0x08000244   0x00000000   Code   RO         2701    .ARM.Collect$$rtexit$$00000002  c_w.l(rtexit2.o)
    0x08000244   0x08000244   0x00000004   Code   RO         2702    .ARM.Collect$$rtexit$$00000003  c_w.l(rtexit2.o)
    0x08000248   0x08000248   0x00000006   Code   RO         2703    .ARM.Collect$$rtexit$$00000004  c_w.l(rtexit2.o)
    0x0800024e   0x0800024e   0x00000002   PAD
    0x08000250   0x08000250   0x00000110   Code   RO          330    .text               irq_armv7m.o
    0x08000360   0x08000360   0x00000040   Code   RO         2390    .text               startup_stm32l475xx.o
    0x080003a0   0x080003a0   0x0000008a   Code   RO         2418    .text               c_w.l(rt_memcpy_v6.o)
    0x0800042a   0x0800042a   0x00000010   Code   RO         2420    .text               c_w.l(aeabi_memset4.o)
    0x0800043a   0x0800043a   0x00000044   Code   RO         2422    .text               c_w.l(rt_memclr.o)
    0x0800047e   0x0800047e   0x0000004e   Code   RO         2424    .text               c_w.l(rt_memclr_w.o)
    0x080004cc   0x080004cc   0x00000006   Code   RO         2426    .text               c_w.l(heapauxi.o)
    0x080004d2   0x080004d2   0x00000064   Code   RO         2528    .text               c_w.l(rt_memcpy_w.o)
    0x08000536   0x08000536   0x0000004a   Code   RO         2575    .text               c_w.l(sys_stackheap_outer.o)
    0x08000580   0x08000580   0x00000012   Code   RO         2618    .text               c_w.l(exit.o)
    0x08000592   0x08000592   0x00000002   PAD
    0x08000594   0x08000594   0x00000008   Code   RO         2633    .text               c_w.l(libspace.o)
    0x0800059c   0x0800059c   0x0000000c   Code   RO         2696    .text               c_w.l(sys_exit.o)
    0x080005a8   0x080005a8   0x00000002   Code   RO         2721    .text               c_w.l(use_no_semi.o)
    0x080005aa   0x080005aa   0x00000000   Code   RO         2723    .text               c_w.l(indicate_semi.o)
    0x080005aa   0x080005aa   0x00000002   PAD
    0x080005ac   0x080005ac   0x0000002c   Code   RO          149    .text.BSP_ACCELERO_Init  stm32l475e_iot01_accelero.o
    0x080005d8   0x080005d8   0x0000002c   Code   RO          166    .text.BSP_GYRO_Init  stm32l475e_iot01_gyro.o
    0x08000604   0x08000604   0x00000022   Code   RO          183    .text.BSP_HSENSOR_Init  stm32l475e_iot01_hsensor.o
    0x08000626   0x08000626   0x00000002   PAD
    0x08000628   0x08000628   0x00000048   Code   RO           59    .text.BSP_LED_Init  stm32l475e_iot01.o
    0x08000670   0x08000670   0x0000001a   Code   RO           65    .text.BSP_LED_Off   stm32l475e_iot01.o
    0x0800068a   0x0800068a   0x00000002   PAD
    0x0800068c   0x0800068c   0x0000001a   Code   RO           63    .text.BSP_LED_On    stm32l475e_iot01.o
    0x080006a6   0x080006a6   0x00000002   PAD
    0x080006a8   0x080006a8   0x00000018   Code   RO           73    .text.BSP_PB_GetState  stm32l475e_iot01.o
    0x080006c0   0x080006c0   0x00000088   Code   RO           69    .text.BSP_PB_Init   stm32l475e_iot01.o
    0x08000748   0x08000748   0x00000022   Code   RO          214    .text.BSP_PSENSOR_Init  stm32l475e_iot01_psensor.o
    0x0800076a   0x0800076a   0x00000002   PAD
    0x0800076c   0x0800076c   0x0000001a   Code   RO          228    .text.BSP_TSENSOR_Init  stm32l475e_iot01_tsensor.o
    0x08000786   0x08000786   0x00000002   PAD
    0x08000788   0x08000788   0x00000002   Code   RO           44    .text.BusFault_Handler  stm32l4xx_it.o
    0x0800078a   0x0800078a   0x00000002   PAD
    0x0800078c   0x0800078c   0x00000002   Code   RO           48    .text.DebugMon_Handler  stm32l4xx_it.o
    0x0800078e   0x0800078e   0x00000002   PAD
    0x08000790   0x08000790   0x0000002e   Code   RO         1559    .text.EventCheckFilter  eventrecorder.o
    0x080007be   0x080007be   0x00000002   PAD
    0x080007c0   0x080007c0   0x00000028   Code   RO         1545    .text.EventGetTS    eventrecorder.o
    0x080007e8   0x080007e8   0x00000036   Code   RO         1563    .text.EventRecord2  eventrecorder.o
    0x0800081e   0x0800081e   0x00000002   PAD
    0x08000820   0x08000820   0x00000068   Code   RO         1565    .text.EventRecord4  eventrecorder.o
    0x08000888   0x08000888   0x000000b2   Code   RO         1547    .text.EventRecordItem  eventrecorder.o
    0x0800093a   0x0800093a   0x00000002   PAD
    0x0800093c   0x0800093c   0x0000006c   Code   RO         1551    .text.EventRecorderDisable  eventrecorder.o
    0x080009a8   0x080009a8   0x0000006c   Code   RO         1543    .text.EventRecorderEnable  eventrecorder.o
    0x08000a14   0x08000a14   0x000000f0   Code   RO         1539    .text.EventRecorderInitialize  eventrecorder.o
    0x08000b04   0x08000b04   0x00000030   Code   RO         1549    .text.EventRecorderStart  eventrecorder.o
    0x08000b34   0x08000b34   0x0000000c   Code   RO         1537    .text.EventRecorderTimerGetCount  eventrecorder.o
    0x08000b40   0x08000b40   0x00000024   Code   RO         1533    .text.EventRecorderTimerSetup  eventrecorder.o
    0x08000b64   0x08000b64   0x00000014   Code   RO          564    .text.EvrRtxDelay   rtx_evr.o
    0x08000b78   0x08000b78   0x00000014   Code   RO          572    .text.EvrRtxDelayCompleted  rtx_evr.o
    0x08000b8c   0x08000b8c   0x00000010   Code   RO          562    .text.EvrRtxDelayError  rtx_evr.o
    0x08000b9c   0x08000b9c   0x00000014   Code   RO          568    .text.EvrRtxDelayStarted  rtx_evr.o
    0x08000bb0   0x08000bb0   0x00000014   Code   RO          620    .text.EvrRtxEventFlagsWaitTimeout  rtx_evr.o
    0x08000bc4   0x08000bc4   0x00000010   Code   RO          436    .text.EvrRtxKernelError  rtx_evr.o
    0x08000bd4   0x08000bd4   0x00000010   Code   RO          478    .text.EvrRtxKernelErrorNotify  rtx_evr.o
    0x08000be4   0x08000be4   0x00000014   Code   RO          470    .text.EvrRtxKernelGetTickCount  rtx_evr.o
    0x08000bf8   0x08000bf8   0x00000014   Code   RO          438    .text.EvrRtxKernelInitialize  rtx_evr.o
    0x08000c0c   0x08000c0c   0x00000014   Code   RO          440    .text.EvrRtxKernelInitialized  rtx_evr.o
    0x08000c20   0x08000c20   0x00000014   Code   RO          446    .text.EvrRtxKernelStart  rtx_evr.o
    0x08000c34   0x08000c34   0x00000014   Code   RO          448    .text.EvrRtxKernelStarted  rtx_evr.o
    0x08000c48   0x08000c48   0x00000020   Code   RO          426    .text.EvrRtxMemoryAlloc  rtx_evr.o
    0x08000c68   0x08000c68   0x00000014   Code   RO          432    .text.EvrRtxMemoryBlockAlloc  rtx_evr.o
    0x08000c7c   0x08000c7c   0x00000022   Code   RO          434    .text.EvrRtxMemoryBlockFree  rtx_evr.o
    0x08000c9e   0x08000c9e   0x00000002   PAD
    0x08000ca0   0x08000ca0   0x00000020   Code   RO          430    .text.EvrRtxMemoryBlockInit  rtx_evr.o
    0x08000cc0   0x08000cc0   0x00000022   Code   RO          428    .text.EvrRtxMemoryFree  rtx_evr.o
    0x08000ce2   0x08000ce2   0x00000002   PAD
    0x08000ce4   0x08000ce4   0x0000001e   Code   RO          424    .text.EvrRtxMemoryInit  rtx_evr.o
    0x08000d02   0x08000d02   0x00000002   PAD
    0x08000d04   0x08000d04   0x00000014   Code   RO          698    .text.EvrRtxMemoryPoolAllocTimeout  rtx_evr.o
    0x08000d18   0x08000d18   0x00000014   Code   RO          726    .text.EvrRtxMessageQueueCreated  rtx_evr.o
    0x08000d2c   0x08000d2c   0x00000010   Code   RO          722    .text.EvrRtxMessageQueueError  rtx_evr.o
    0x08000d3c   0x08000d3c   0x00000020   Code   RO          742    .text.EvrRtxMessageQueueGet  rtx_evr.o
    0x08000d5c   0x08000d5c   0x00000022   Code   RO          744    .text.EvrRtxMessageQueueGetPending  rtx_evr.o
    0x08000d7e   0x08000d7e   0x00000002   PAD
    0x08000d80   0x08000d80   0x00000014   Code   RO          746    .text.EvrRtxMessageQueueGetTimeout  rtx_evr.o
    0x08000d94   0x08000d94   0x00000014   Code   RO          736    .text.EvrRtxMessageQueueInsertPending  rtx_evr.o
    0x08000da8   0x08000da8   0x00000014   Code   RO          738    .text.EvrRtxMessageQueueInserted  rtx_evr.o
    0x08000dbc   0x08000dbc   0x00000014   Code   RO          740    .text.EvrRtxMessageQueueNotInserted  rtx_evr.o
    0x08000dd0   0x08000dd0   0x00000014   Code   RO          750    .text.EvrRtxMessageQueueNotRetrieved  rtx_evr.o
    0x08000de4   0x08000de4   0x00000020   Code   RO          730    .text.EvrRtxMessageQueuePut  rtx_evr.o
    0x08000e04   0x08000e04   0x00000022   Code   RO          732    .text.EvrRtxMessageQueuePutPending  rtx_evr.o
    0x08000e26   0x08000e26   0x00000002   PAD
    0x08000e28   0x08000e28   0x00000014   Code   RO          734    .text.EvrRtxMessageQueuePutTimeout  rtx_evr.o
    0x08000e3c   0x08000e3c   0x00000014   Code   RO          748    .text.EvrRtxMessageQueueRetrieved  rtx_evr.o
    0x08000e50   0x08000e50   0x00000014   Code   RO          638    .text.EvrRtxMutexAcquire  rtx_evr.o
    0x08000e64   0x08000e64   0x00000014   Code   RO          640    .text.EvrRtxMutexAcquirePending  rtx_evr.o
    0x08000e78   0x08000e78   0x00000014   Code   RO          642    .text.EvrRtxMutexAcquireTimeout  rtx_evr.o
    0x08000e8c   0x08000e8c   0x00000014   Code   RO          644    .text.EvrRtxMutexAcquired  rtx_evr.o
    0x08000ea0   0x08000ea0   0x00000014   Code   RO          634    .text.EvrRtxMutexCreated  rtx_evr.o
    0x08000eb4   0x08000eb4   0x00000014   Code   RO          654    .text.EvrRtxMutexDelete  rtx_evr.o
    0x08000ec8   0x08000ec8   0x00000014   Code   RO          656    .text.EvrRtxMutexDestroyed  rtx_evr.o
    0x08000edc   0x08000edc   0x00000010   Code   RO          630    .text.EvrRtxMutexError  rtx_evr.o
    0x08000eec   0x08000eec   0x00000014   Code   RO          632    .text.EvrRtxMutexNew  rtx_evr.o
    0x08000f00   0x08000f00   0x00000014   Code   RO          646    .text.EvrRtxMutexNotAcquired  rtx_evr.o
    0x08000f14   0x08000f14   0x00000014   Code   RO          648    .text.EvrRtxMutexRelease  rtx_evr.o
    0x08000f28   0x08000f28   0x00000014   Code   RO          650    .text.EvrRtxMutexReleased  rtx_evr.o
    0x08000f3c   0x08000f3c   0x00000014   Code   RO          670    .text.EvrRtxSemaphoreAcquireTimeout  rtx_evr.o
    0x08000f50   0x08000f50   0x00000014   Code   RO          522    .text.EvrRtxThreadBlocked  rtx_evr.o
    0x08000f64   0x08000f64   0x0000001c   Code   RO          484    .text.EvrRtxThreadCreated  rtx_evr.o
    0x08000f80   0x08000f80   0x00000014   Code   RO          534    .text.EvrRtxThreadDestroyed  rtx_evr.o
    0x08000f94   0x08000f94   0x00000010   Code   RO          480    .text.EvrRtxThreadError  rtx_evr.o
    0x08000fa4   0x08000fa4   0x00000014   Code   RO          530    .text.EvrRtxThreadExit  rtx_evr.o
    0x08000fb8   0x08000fb8   0x00000010   Code   RO          540    .text.EvrRtxThreadFlagsError  rtx_evr.o
    0x08000fc8   0x08000fc8   0x00000014   Code   RO          542    .text.EvrRtxThreadFlagsSet  rtx_evr.o
    0x08000fdc   0x08000fdc   0x00000014   Code   RO          544    .text.EvrRtxThreadFlagsSetDone  rtx_evr.o
    0x08000ff0   0x08000ff0   0x00000022   Code   RO          552    .text.EvrRtxThreadFlagsWait  rtx_evr.o
    0x08001012   0x08001012   0x00000002   PAD
    0x08001014   0x08001014   0x00000020   Code   RO          558    .text.EvrRtxThreadFlagsWaitCompleted  rtx_evr.o
    0x08001034   0x08001034   0x00000014   Code   RO          560    .text.EvrRtxThreadFlagsWaitNotCompleted  rtx_evr.o
    0x08001048   0x08001048   0x00000022   Code   RO          554    .text.EvrRtxThreadFlagsWaitPending  rtx_evr.o
    0x0800106a   0x0800106a   0x00000002   PAD
    0x0800106c   0x0800106c   0x00000014   Code   RO          556    .text.EvrRtxThreadFlagsWaitTimeout  rtx_evr.o
    0x08001080   0x08001080   0x00000014   Code   RO          520    .text.EvrRtxThreadJoined  rtx_evr.o
    0x08001094   0x08001094   0x00000022   Code   RO          482    .text.EvrRtxThreadNew  rtx_evr.o
    0x080010b6   0x080010b6   0x00000002   PAD
    0x080010b8   0x080010b8   0x00000014   Code   RO          526    .text.EvrRtxThreadPreempted  rtx_evr.o
    0x080010cc   0x080010cc   0x00000014   Code   RO          528    .text.EvrRtxThreadSwitched  rtx_evr.o
    0x080010e0   0x080010e0   0x00000014   Code   RO          524    .text.EvrRtxThreadUnblocked  rtx_evr.o
    0x080010f4   0x080010f4   0x00000014   Code   RO          576    .text.EvrRtxTimerCallback  rtx_evr.o
    0x08001108   0x08001108   0x00000008   Code   RO         1561    .text.GetContext    eventrecorder.o
    0x08001110   0x08001110   0x00000012   Code   RO         1575    .text.GetRecordIndex  eventrecorder.o
    0x08001122   0x08001122   0x00000002   PAD
    0x08001124   0x08001124   0x000001bc   Code   RO         1785    .text.HAL_GPIO_Init  stm32l4xx_hal_gpio.o
    0x080012e0   0x080012e0   0x0000000a   Code   RO         1789    .text.HAL_GPIO_ReadPin  stm32l4xx_hal_gpio.o
    0x080012ea   0x080012ea   0x00000002   PAD
    0x080012ec   0x080012ec   0x0000000c   Code   RO         1791    .text.HAL_GPIO_WritePin  stm32l4xx_hal_gpio.o
    0x080012f8   0x080012f8   0x00000050   Code   RO           20    .text.HAL_GetTick   main.o
    0x08001348   0x08001348   0x0000004a   Code   RO         1975    .text.HAL_I2CEx_ConfigAnalogFilter  stm32l4xx_hal_i2c_ex.o
    0x08001392   0x08001392   0x00000002   PAD
    0x08001394   0x08001394   0x00000036   Code   RO         1813    .text.HAL_I2C_DeInit  stm32l4xx_hal_i2c.o
    0x080013ca   0x080013ca   0x00000002   PAD
    0x080013cc   0x080013cc   0x000000a2   Code   RO         1809    .text.HAL_I2C_Init  stm32l4xx_hal_i2c.o
    0x0800146e   0x0800146e   0x00000002   PAD
    0x08001470   0x08001470   0x00000198   Code   RO         1875    .text.HAL_I2C_Mem_Read  stm32l4xx_hal_i2c.o
    0x08001608   0x08001608   0x0000018a   Code   RO         1871    .text.HAL_I2C_Mem_Write  stm32l4xx_hal_i2c.o
    0x08001792   0x08001792   0x00000002   PAD
    0x08001794   0x08001794   0x00000002   Code   RO         1815    .text.HAL_I2C_MspDeInit  stm32l4xx_hal_i2c.o
    0x08001796   0x08001796   0x00000002   PAD
    0x08001798   0x08001798   0x00000002   Code   RO         1811    .text.HAL_I2C_MspInit  stm32l4xx_hal_i2c.o
    0x0800179a   0x0800179a   0x00000002   PAD
    0x0800179c   0x0800179c   0x0000001e   Code   RO         1597    .text.HAL_Init      stm32l4xx_hal.o
    0x080017ba   0x080017ba   0x00000002   PAD
    0x080017bc   0x080017bc   0x00000056   Code   RO         1599    .text.HAL_InitTick  stm32l4xx_hal.o
    0x08001812   0x08001812   0x00000002   PAD
    0x08001814   0x08001814   0x0000004c   Code   RO         2379    .text.HAL_MspInit   stm32l4xx_hal_msp.o
    0x08001860   0x08001860   0x00000008   Code   RO         1690    .text.HAL_NVIC_EnableIRQ  stm32l4xx_hal_cortex.o
    0x08001868   0x08001868   0x0000001e   Code   RO         1682    .text.HAL_NVIC_SetPriority  stm32l4xx_hal_cortex.o
    0x08001886   0x08001886   0x00000002   PAD
    0x08001888   0x08001888   0x00000008   Code   RO         1678    .text.HAL_NVIC_SetPriorityGrouping  stm32l4xx_hal_cortex.o
    0x08001890   0x08001890   0x00000076   Code   RO         2037    .text.HAL_PWREx_ControlVoltageScaling  stm32l4xx_hal_pwr_ex.o
    0x08001906   0x08001906   0x00000002   PAD
    0x08001908   0x08001908   0x00000010   Code   RO         2035    .text.HAL_PWREx_GetVoltageRange  stm32l4xx_hal_pwr_ex.o
    0x08001918   0x08001918   0x00000012   Code   RO         1997    .text.HAL_PWR_EnableBkUpAccess  stm32l4xx_hal_pwr.o
    0x0800192a   0x0800192a   0x00000002   PAD
    0x0800192c   0x0800192c   0x00000012   Code   RO         2195    .text.HAL_RCCEx_EnableMSIPLLMode  stm32l4xx_hal_rcc_ex.o
    0x0800193e   0x0800193e   0x00000002   PAD
    0x08001940   0x08001940   0x00000160   Code   RO         2129    .text.HAL_RCC_ClockConfig  stm32l4xx_hal_rcc.o
    0x08001aa0   0x08001aa0   0x000000c0   Code   RO         2127    .text.HAL_RCC_GetSysClockFreq  stm32l4xx_hal_rcc.o
    0x08001b60   0x08001b60   0x0000059e   Code   RO         2123    .text.HAL_RCC_OscConfig  stm32l4xx_hal_rcc.o
    0x080020fe   0x080020fe   0x00000002   PAD
    0x08002100   0x08002100   0x00000008   Code   RO         1702    .text.HAL_SYSTICK_Config  stm32l4xx_hal_cortex.o
    0x08002108   0x08002108   0x0000001e   Code   RO          240    .text.HTS221_H_Init  hts221.o
    0x08002126   0x08002126   0x00000002   PAD
    0x08002128   0x08002128   0x000000cc   Code   RO          244    .text.HTS221_H_ReadHumidity  hts221.o
    0x080021f4   0x080021f4   0x00000012   Code   RO          242    .text.HTS221_H_ReadID  hts221.o
    0x08002206   0x08002206   0x00000002   PAD
    0x08002208   0x08002208   0x0000001e   Code   RO          246    .text.HTS221_T_Init  hts221.o
    0x08002226   0x08002226   0x00000002   PAD
    0x08002228   0x08002228   0x0000009e   Code   RO          248    .text.HTS221_T_ReadTemp  hts221.o
    0x080022c6   0x080022c6   0x00000002   PAD
    0x080022c8   0x080022c8   0x0000001e   Code   RO         1949    .text.I2C_Flush_TXDR  stm32l4xx_hal_i2c.o
    0x080022e6   0x080022e6   0x00000002   PAD
    0x080022e8   0x080022e8   0x0000007e   Code   RO         1965    .text.I2C_IsAcknowledgeFailed  stm32l4xx_hal_i2c.o
    0x08002366   0x08002366   0x00000002   PAD
    0x08002368   0x08002368   0x00000070   Code   RO         1877    .text.I2C_RequestMemoryRead  stm32l4xx_hal_i2c.o
    0x080023d8   0x080023d8   0x00000072   Code   RO         1873    .text.I2C_RequestMemoryWrite  stm32l4xx_hal_i2c.o
    0x0800244a   0x0800244a   0x00000002   PAD
    0x0800244c   0x0800244c   0x00000030   Code   RO         1821    .text.I2C_TransferConfig  stm32l4xx_hal_i2c.o
    0x0800247c   0x0800247c   0x0000007a   Code   RO         1819    .text.I2C_WaitOnFlagUntilTimeout  stm32l4xx_hal_i2c.o
    0x080024f6   0x080024f6   0x00000002   PAD
    0x080024f8   0x080024f8   0x0000004c   Code   RO         1825    .text.I2C_WaitOnSTOPFlagUntilTimeout  stm32l4xx_hal_i2c.o
    0x08002544   0x08002544   0x00000060   Code   RO         1823    .text.I2C_WaitOnTXISFlagUntilTimeout  stm32l4xx_hal_i2c.o
    0x080025a4   0x080025a4   0x00000014   Code   RO          125    .text.I2Cx_Error    stm32l475e_iot01.o
    0x080025b8   0x080025b8   0x0000003e   Code   RO           81    .text.I2Cx_Init     stm32l475e_iot01.o
    0x080025f6   0x080025f6   0x00000002   PAD
    0x080025f8   0x080025f8   0x00000094   Code   RO          121    .text.I2Cx_MspInit  stm32l475e_iot01.o
    0x0800268c   0x0800268c   0x00000034   Code   RO           93    .text.I2Cx_ReadMultiple  stm32l475e_iot01.o
    0x080026c0   0x080026c0   0x00000032   Code   RO           89    .text.I2Cx_WriteMultiple  stm32l475e_iot01.o
    0x080026f2   0x080026f2   0x00000002   PAD
    0x080026f4   0x080026f4   0x00000012   Code   RO         1569    .text.IncrementOverflowTS  eventrecorder.o
    0x08002706   0x08002706   0x00000002   PAD
    0x08002708   0x08002708   0x00000012   Code   RO         1583    .text.IncrementRecordsDumped  eventrecorder.o
    0x0800271a   0x0800271a   0x00000002   PAD
    0x0800271c   0x0800271c   0x00000012   Code   RO         1581    .text.IncrementRecordsWritten  eventrecorder.o
    0x0800272e   0x0800272e   0x00000002   PAD
    0x08002730   0x08002730   0x0000000c   Code   RO          340    .text.IsException   rtx_delay.o
    0x0800273c   0x0800273c   0x0000000c   Code   RO          782    .text.IsException   rtx_kernel.o
    0x08002748   0x08002748   0x0000000c   Code   RO         1006    .text.IsException   rtx_msgqueue.o
    0x08002754   0x08002754   0x0000000c   Code   RO         1084    .text.IsException   rtx_mutex.o
    0x08002760   0x08002760   0x0000000c   Code   RO         1278    .text.IsException   rtx_thread.o
    0x0800276c   0x0800276c   0x00000018   Code   RO          342    .text.IsIrqMasked   rtx_delay.o
    0x08002784   0x08002784   0x00000018   Code   RO          784    .text.IsIrqMasked   rtx_kernel.o
    0x0800279c   0x0800279c   0x00000018   Code   RO         1008    .text.IsIrqMasked   rtx_msgqueue.o
    0x080027b4   0x080027b4   0x00000018   Code   RO         1086    .text.IsIrqMasked   rtx_mutex.o
    0x080027cc   0x080027cc   0x00000018   Code   RO         1280    .text.IsIrqMasked   rtx_thread.o
    0x080027e4   0x080027e4   0x0000000c   Code   RO          788    .text.IsPrivileged  rtx_kernel.o
    0x080027f0   0x080027f0   0x00000032   Code   RO          289    .text.LPS22HB_Init  lps22hb.o
    0x08002822   0x08002822   0x00000002   PAD
    0x08002824   0x08002824   0x00000008   Code   RO          279    .text.LPS22HB_P_Init  lps22hb.o
    0x0800282c   0x0800282c   0x00000012   Code   RO          281    .text.LPS22HB_P_ReadID  lps22hb.o
    0x0800283e   0x0800283e   0x00000002   PAD
    0x08002840   0x08002840   0x00000068   Code   RO          283    .text.LPS22HB_P_ReadPressure  lps22hb.o
    0x080028a8   0x080028a8   0x00000018   Code   RO          303    .text.LSM6DSL_AccDeInit  lsm6dsl.o
    0x080028c0   0x080028c0   0x00000036   Code   RO          301    .text.LSM6DSL_AccInit  lsm6dsl.o
    0x080028f6   0x080028f6   0x00000002   PAD
    0x080028f8   0x080028f8   0x00000028   Code   RO          307    .text.LSM6DSL_AccLowPower  lsm6dsl.o
    0x08002920   0x08002920   0x00000010   Code   RO          305    .text.LSM6DSL_AccReadID  lsm6dsl.o
    0x08002930   0x08002930   0x00000084   Code   RO          309    .text.LSM6DSL_AccReadXYZ  lsm6dsl.o
    0x080029b4   0x080029b4   0x00000018   Code   RO          313    .text.LSM6DSL_GyroDeInit  lsm6dsl.o
    0x080029cc   0x080029cc   0x00000036   Code   RO          311    .text.LSM6DSL_GyroInit  lsm6dsl.o
    0x08002a02   0x08002a02   0x00000002   PAD
    0x08002a04   0x08002a04   0x00000028   Code   RO          317    .text.LSM6DSL_GyroLowPower  lsm6dsl.o
    0x08002a2c   0x08002a2c   0x00000010   Code   RO          315    .text.LSM6DSL_GyroReadID  lsm6dsl.o
    0x08002a3c   0x08002a3c   0x00000080   Code   RO          319    .text.LSM6DSL_GyroReadXYZAngRate  lsm6dsl.o
    0x08002abc   0x08002abc   0x00000024   Code   RO         1577    .text.LockRecord    eventrecorder.o
    0x08002ae0   0x08002ae0   0x00000020   Code   RO           26    .text.MX_GPIO_Init  main.o
    0x08002b00   0x08002b00   0x00000004   Code   RO          910    .text.MemBlockPtr   rtx_memory.o
    0x08002b04   0x08002b04   0x00000002   Code   RO          908    .text.MemHeadPtr    rtx_memory.o
    0x08002b06   0x08002b06   0x00000002   PAD
    0x08002b08   0x08002b08   0x00000002   Code   RO           42    .text.MemManage_Handler  stm32l4xx_it.o
    0x08002b0a   0x08002b0a   0x00000002   PAD
    0x08002b0c   0x08002b0c   0x0000002a   Code   RO         1056    .text.MessageQueueGet  rtx_msgqueue.o
    0x08002b36   0x08002b36   0x00000002   PAD
    0x08002b38   0x08002b38   0x00000054   Code   RO         1046    .text.MessageQueuePut  rtx_msgqueue.o
    0x08002b8c   0x08002b8c   0x00000024   Code   RO         1042    .text.MessageQueueRemove  rtx_msgqueue.o
    0x08002bb0   0x08002bb0   0x00000002   Code   RO           40    .text.NMI_Handler   stm32l4xx_it.o
    0x08002bb2   0x08002bb2   0x00000002   PAD
    0x08002bb4   0x08002bb4   0x0000002c   Code   RO         1688    .text.NVIC_EncodePriority  stm32l4xx_hal_cortex.o
    0x08002be0   0x08002be0   0x0000000c   Code   RO         1462    .text.OS_Tick_AcknowledgeIRQ  os_systick.o
    0x08002bec   0x08002bec   0x00000032   Code   RO         1458    .text.OS_Tick_Enable  os_systick.o
    0x08002c1e   0x08002c1e   0x00000002   PAD
    0x08002c20   0x08002c20   0x00000006   Code   RO         1464    .text.OS_Tick_GetIRQn  os_systick.o
    0x08002c26   0x08002c26   0x00000002   PAD
    0x08002c28   0x08002c28   0x00000048   Code   RO         1456    .text.OS_Tick_Setup  os_systick.o
    0x08002c70   0x08002c70   0x0000008e   Code   RO         2125    .text.RCC_SetFlashLatencyFromMSIRange  stm32l4xx_hal_rcc.o
    0x08002cfe   0x08002cfe   0x00000002   PAD
    0x08002d00   0x08002d00   0x00000008   Code   RO           79    .text.SENSOR_IO_Init  stm32l475e_iot01.o
    0x08002d08   0x08002d08   0x0000001c   Code   RO           91    .text.SENSOR_IO_Read  stm32l475e_iot01.o
    0x08002d24   0x08002d24   0x00000008   Code   RO           95    .text.SENSOR_IO_ReadMultiple  stm32l475e_iot01.o
    0x08002d2c   0x08002d2c   0x00000016   Code   RO           87    .text.SENSOR_IO_Write  stm32l475e_iot01.o
    0x08002d42   0x08002d42   0x00000002   PAD
    0x08002d44   0x08002d44   0x00000030   Code   RO          830    .text.SVC_Setup     rtx_kernel.o
    0x08002d74   0x08002d74   0x00000010   Code   RO         1200    .text.SetPendSV     rtx_system.o
    0x08002d84   0x08002d84   0x0000000c   Code   RO         1248    .text.StackOffsetR0  rtx_thread.o
    0x08002d90   0x08002d90   0x0000002e   Code   RO         1704    .text.SysTick_Config  stm32l4xx_hal_cortex.o
    0x08002dbe   0x08002dbe   0x00000002   PAD
    0x08002dc0   0x08002dc0   0x0000007e   Code   RO           24    .text.SystemClock_Config  main.o
    0x08002e3e   0x08002e3e   0x00000002   PAD
    0x08002e40   0x08002e40   0x000000be   Code   RO         2399    .text.SystemCoreClockUpdate  system_stm32l4xx.o
    0x08002efe   0x08002efe   0x00000002   PAD
    0x08002f00   0x08002f00   0x00000052   Code   RO         2397    .text.SystemInit    system_stm32l4xx.o
    0x08002f52   0x08002f52   0x00000002   PAD
    0x08002f54   0x08002f54   0x0000003e   Code   RO         1328    .text.ThreadFlagsCheck  rtx_thread.o
    0x08002f92   0x08002f92   0x00000002   PAD
    0x08002f94   0x08002f94   0x0000000a   Code   RO         1378    .text.ThreadFlagsSet  rtx_thread.o
    0x08002f9e   0x08002f9e   0x00000002   PAD
    0x08002fa0   0x08002fa0   0x00000068   Code   RO         1430    .text.TimerInsert   rtx_timer.o
    0x08003008   0x08003008   0x00000016   Code   RO         1426    .text.TimerUnlink   rtx_timer.o
    0x0800301e   0x0800301e   0x00000002   PAD
    0x08003020   0x08003020   0x00000020   Code   RO         1579    .text.UnlockRecord  eventrecorder.o
    0x08003040   0x08003040   0x00000008   Code   RO         1567    .text.UpdateTS      eventrecorder.o
    0x08003048   0x08003048   0x00000002   Code   RO           46    .text.UsageFault_Handler  stm32l4xx_it.o
    0x0800304a   0x0800304a   0x00000002   PAD
    0x0800304c   0x0800304c   0x00000020   Code   RO         1692    .text.__NVIC_EnableIRQ  stm32l4xx_hal_cortex.o
    0x0800306c   0x0800306c   0x00000010   Code   RO          832    .text.__NVIC_GetPriorityGrouping  rtx_kernel.o
    0x0800307c   0x0800307c   0x00000010   Code   RO         1684    .text.__NVIC_GetPriorityGrouping  stm32l4xx_hal_cortex.o
    0x0800308c   0x0800308c   0x00000022   Code   RO         1686    .text.__NVIC_SetPriority  stm32l4xx_hal_cortex.o
    0x080030ae   0x080030ae   0x00000002   PAD
    0x080030b0   0x080030b0   0x00000020   Code   RO         1680    .text.__NVIC_SetPriorityGrouping  stm32l4xx_hal_cortex.o
    0x080030d0   0x080030d0   0x0000001a   Code   RO          878    .text._mutex_acquire  rtx_lib.o
    0x080030ea   0x080030ea   0x00000002   PAD
    0x080030ec   0x080030ec   0x0000000a   Code   RO          882    .text._mutex_free   rtx_lib.o
    0x080030f6   0x080030f6   0x00000002   PAD
    0x080030f8   0x080030f8   0x00000020   Code   RO          876    .text._mutex_initialize  rtx_lib.o
    0x08003118   0x08003118   0x00000016   Code   RO          880    .text._mutex_release  rtx_lib.o
    0x0800312e   0x0800312e   0x00000002   PAD
    0x08003130   0x08003130   0x00000008   Code   RO          866    .text._platform_post_stackheap_init  rtx_lib.o
    0x08003138   0x08003138   0x00000014   Code   RO            2    .text.app_initialize  blinky.o
    0x0800314c   0x0800314c   0x00000038   Code   RO            4    .text.app_main      blinky.o
    0x08003184   0x08003184   0x00000026   Code   RO         1330    .text.atomic_chk32_all  rtx_thread.o
    0x080031aa   0x080031aa   0x00000002   PAD
    0x080031ac   0x080031ac   0x00000022   Code   RO         1332    .text.atomic_chk32_any  rtx_thread.o
    0x080031ce   0x080031ce   0x00000002   PAD
    0x080031d0   0x080031d0   0x00000024   Code   RO         1202    .text.atomic_dec16_nz  rtx_system.o
    0x080031f4   0x080031f4   0x00000010   Code   RO          936    .text.atomic_dec32  rtx_mempool.o
    0x08003204   0x08003204   0x0000001a   Code   RO         1058    .text.atomic_dec32_nz  rtx_msgqueue.o
    0x0800321e   0x0800321e   0x00000002   PAD
    0x08003220   0x08003220   0x0000001a   Code   RO         1204    .text.atomic_inc16_lim  rtx_system.o
    0x0800323a   0x0800323a   0x00000002   PAD
    0x0800323c   0x0800323c   0x00000028   Code   RO         1208    .text.atomic_inc16_lt  rtx_system.o
    0x08003264   0x08003264   0x00000010   Code   RO          930    .text.atomic_inc32  rtx_mempool.o
    0x08003274   0x08003274   0x00000010   Code   RO         1048    .text.atomic_inc32  rtx_msgqueue.o
    0x08003284   0x08003284   0x00000012   Code   RO         1573    .text.atomic_inc32  eventrecorder.o
    0x08003296   0x08003296   0x00000002   PAD
    0x08003298   0x08003298   0x0000001c   Code   RO         1585    .text.atomic_inc8   eventrecorder.o
    0x080032b4   0x080032b4   0x0000001a   Code   RO          928    .text.atomic_link_get  rtx_mempool.o
    0x080032ce   0x080032ce   0x00000002   PAD
    0x080032d0   0x080032d0   0x0000001e   Code   RO          934    .text.atomic_link_put  rtx_mempool.o
    0x080032ee   0x080032ee   0x00000002   PAD
    0x080032f0   0x080032f0   0x00000016   Code   RO         1380    .text.atomic_set32  rtx_thread.o
    0x08003306   0x08003306   0x00000002   PAD
    0x08003308   0x08003308   0x00000012   Code   RO         1060    .text.atomic_wr8    rtx_msgqueue.o
    0x0800331a   0x0800331a   0x00000002   PAD
    0x0800331c   0x0800331c   0x0000001c   Code   RO         1571    .text.atomic_xch32  eventrecorder.o
    0x08003338   0x08003338   0x00000048   Code   RO         1541    .text.crc16_ccitt   eventrecorder.o
    0x08003380   0x08003380   0x000000e8   Code   RO          870    .text.evr_initialize  rtx_lib.o
    0x08003468   0x08003468   0x00000074   Code   RO         1018    .text.isrRtxMessageQueueGet  rtx_msgqueue.o
    0x080034dc   0x080034dc   0x0000007e   Code   RO         1014    .text.isrRtxMessageQueuePut  rtx_msgqueue.o
    0x0800355a   0x0800355a   0x00000002   PAD
    0x0800355c   0x0800355c   0x0000005a   Code   RO         1318    .text.isrRtxThreadFlagsSet  rtx_thread.o
    0x080035b6   0x080035b6   0x00000002   PAD
    0x080035b8   0x080035b8   0x0000002e   Code   RO         1184    .text.isr_queue_get  rtx_system.o
    0x080035e6   0x080035e6   0x00000002   PAD
    0x080035e8   0x080035e8   0x00000032   Code   RO         1198    .text.isr_queue_put  rtx_system.o
    0x0800361a   0x0800361a   0x00000002   PAD
    0x0800361c   0x0800361c   0x00000022   Code   RO           22    .text.main          main.o
    0x0800363e   0x0800363e   0x00000002   PAD
    0x08003640   0x08003640   0x00000032   Code   RO          338    .text.osDelay       rtx_delay.o
    0x08003672   0x08003672   0x00000002   PAD
    0x08003674   0x08003674   0x00000026   Code   RO          792    .text.osKernelGetState  rtx_kernel.o
    0x0800369a   0x0800369a   0x00000002   PAD
    0x0800369c   0x0800369c   0x00000020   Code   RO          808    .text.osKernelGetTickCount  rtx_kernel.o
    0x080036bc   0x080036bc   0x00000032   Code   RO          780    .text.osKernelInitialize  rtx_kernel.o
    0x080036ee   0x080036ee   0x00000002   PAD
    0x080036f0   0x080036f0   0x0000002e   Code   RO          796    .text.osKernelStart  rtx_kernel.o
    0x0800371e   0x0800371e   0x00000002   PAD
    0x08003720   0x08003720   0x00000042   Code   RO         1016    .text.osMessageQueueGet  rtx_msgqueue.o
    0x08003762   0x08003762   0x00000002   PAD
    0x08003764   0x08003764   0x00000042   Code   RO         1012    .text.osMessageQueuePut  rtx_msgqueue.o
    0x080037a6   0x080037a6   0x00000002   PAD
    0x080037a8   0x080037a8   0x00000038   Code   RO         1090    .text.osMutexAcquire  rtx_mutex.o
    0x080037e0   0x080037e0   0x00000034   Code   RO         1096    .text.osMutexDelete  rtx_mutex.o
    0x08003814   0x08003814   0x00000032   Code   RO         1082    .text.osMutexNew    rtx_mutex.o
    0x08003846   0x08003846   0x00000002   PAD
    0x08003848   0x08003848   0x00000034   Code   RO         1092    .text.osMutexRelease  rtx_mutex.o
    0x0800387c   0x0800387c   0x00000002   Code   RO         1485    .text.osRtxErrorNotify  rtx_config.o
    0x0800387e   0x0800387e   0x00000002   PAD
    0x08003880   0x08003880   0x00000002   Code   RO         1188    .text.osRtxEventFlagsObject  rtx_system.o
    0x08003882   0x08003882   0x00000002   PAD
    0x08003884   0x08003884   0x00000002   Code   RO         1236    .text.osRtxEventFlagsObject  rtx_thread.o
    0x08003886   0x08003886   0x00000002   PAD
    0x08003888   0x08003888   0x00000002   Code   RO         1483    .text.osRtxIdleThread  rtx_config.o
    0x0800388a   0x0800388a   0x00000002   PAD
    0x0800388c   0x0800388c   0x00000014   Code   RO          778    .text.osRtxKernelErrorNotify  rtx_kernel.o
    0x080038a0   0x080038a0   0x0000000c   Code   RO         1180    .text.osRtxKernelGetState  rtx_system.o
    0x080038ac   0x080038ac   0x0000000c   Code   RO         1254    .text.osRtxKernelGetState  rtx_thread.o
    0x080038b8   0x080038b8   0x00000010   Code   RO          868    .text.osRtxKernelPreInit  rtx_lib.o
    0x080038c8   0x080038c8   0x0000000c   Code   RO          826    .text.osRtxKernelState  rtx_kernel.o
    0x080038d4   0x080038d4   0x000000b6   Code   RO          912    .text.osRtxMemoryAlloc  rtx_memory.o
    0x0800398a   0x0800398a   0x00000002   PAD
    0x0800398c   0x0800398c   0x00000078   Code   RO          914    .text.osRtxMemoryFree  rtx_memory.o
    0x08003a04   0x08003a04   0x00000064   Code   RO          906    .text.osRtxMemoryInit  rtx_memory.o
    0x08003a68   0x08003a68   0x0000002a   Code   RO          926    .text.osRtxMemoryPoolAlloc  rtx_mempool.o
    0x08003a92   0x08003a92   0x00000002   PAD
    0x08003a94   0x08003a94   0x00000042   Code   RO          932    .text.osRtxMemoryPoolFree  rtx_mempool.o
    0x08003ad6   0x08003ad6   0x00000002   PAD
    0x08003ad8   0x08003ad8   0x00000060   Code   RO          924    .text.osRtxMemoryPoolInit  rtx_mempool.o
    0x08003b38   0x08003b38   0x00000002   Code   RO         1192    .text.osRtxMemoryPoolObject  rtx_system.o
    0x08003b3a   0x08003b3a   0x00000002   PAD
    0x08003b3c   0x08003b3c   0x00000002   Code   RO         1242    .text.osRtxMemoryPoolObject  rtx_thread.o
    0x08003b3e   0x08003b3e   0x00000002   PAD
    0x08003b40   0x08003b40   0x00000002   Code   RO         1194    .text.osRtxMessageObject  rtx_system.o
    0x08003b42   0x08003b42   0x00000002   PAD
    0x08003b44   0x08003b44   0x00000002   Code   RO         1000    .text.osRtxMessageQueueId  rtx_msgqueue.o
    0x08003b46   0x08003b46   0x00000002   PAD
    0x08003b48   0x08003b48   0x00000002   Code   RO         1244    .text.osRtxMessageQueueObject  rtx_thread.o
    0x08003b4a   0x08003b4a   0x00000002   PAD
    0x08003b4c   0x08003b4c   0x00000102   Code   RO         1040    .text.osRtxMessageQueuePostProcess  rtx_msgqueue.o
    0x08003c4e   0x08003c4e   0x00000002   PAD
    0x08003c50   0x08003c50   0x00000030   Code   RO          998    .text.osRtxMessageQueueTimerSetup  rtx_msgqueue.o
    0x08003c80   0x08003c80   0x00000002   Code   RO         1102    .text.osRtxMutexId  rtx_mutex.o
    0x08003c82   0x08003c82   0x00000002   PAD
    0x08003c84   0x08003c84   0x00000002   Code   RO         1238    .text.osRtxMutexObject  rtx_thread.o
    0x08003c86   0x08003c86   0x00000002   PAD
    0x08003c88   0x08003c88   0x0000006a   Code   RO         1076    .text.osRtxMutexOwnerRelease  rtx_mutex.o
    0x08003cf2   0x08003cf2   0x00000002   PAD
    0x08003cf4   0x08003cf4   0x00000050   Code   RO         1080    .text.osRtxMutexOwnerRestore  rtx_mutex.o
    0x08003d44   0x08003d44   0x00000002   Code   RO         1044    .text.osRtxObject   rtx_msgqueue.o
    0x08003d46   0x08003d46   0x00000002   PAD
    0x08003d48   0x08003d48   0x00000002   Code   RO         1078    .text.osRtxObject   rtx_mutex.o
    0x08003d4a   0x08003d4a   0x00000002   PAD
    0x08003d4c   0x08003d4c   0x00000002   Code   RO         1206    .text.osRtxObject   rtx_system.o
    0x08003d4e   0x08003d4e   0x00000002   PAD
    0x08003d50   0x08003d50   0x00000002   Code   RO         1226    .text.osRtxObject   rtx_thread.o
    0x08003d52   0x08003d52   0x00000002   PAD
    0x08003d54   0x08003d54   0x00000064   Code   RO         1182    .text.osRtxPendSV_Handler  rtx_system.o
    0x08003db8   0x08003db8   0x0000002c   Code   RO         1196    .text.osRtxPostProcess  rtx_system.o
    0x08003de4   0x08003de4   0x00000002   Code   RO         1190    .text.osRtxSemaphoreObject  rtx_system.o
    0x08003de6   0x08003de6   0x00000002   PAD
    0x08003de8   0x08003de8   0x00000002   Code   RO         1240    .text.osRtxSemaphoreObject  rtx_thread.o
    0x08003dea   0x08003dea   0x00000002   PAD
    0x08003dec   0x08003dec   0x00000048   Code   RO         1258    .text.osRtxThreadBlock  rtx_thread.o
    0x08003e34   0x08003e34   0x000000a0   Code   RO         1266    .text.osRtxThreadDelayInsert  rtx_thread.o
    0x08003ed4   0x08003ed4   0x00000050   Code   RO         1262    .text.osRtxThreadDelayRemove  rtx_thread.o
    0x08003f24   0x08003f24   0x000000f6   Code   RO         1232    .text.osRtxThreadDelayTick  rtx_thread.o
    0x0800401a   0x0800401a   0x00000002   PAD
    0x0800401c   0x0800401c   0x00000036   Code   RO         1370    .text.osRtxThreadDestroy  rtx_thread.o
    0x08004052   0x08004052   0x00000002   PAD
    0x08004054   0x08004054   0x0000005e   Code   RO         1252    .text.osRtxThreadDispatch  rtx_thread.o
    0x080040b2   0x080040b2   0x00000002   PAD
    0x080040b4   0x080040b4   0x00000060   Code   RO         1360    .text.osRtxThreadFree  rtx_thread.o
    0x08004114   0x08004114   0x0000000c   Code   RO         1054    .text.osRtxThreadGetRunning  rtx_msgqueue.o
    0x08004120   0x08004120   0x0000000c   Code   RO         1106    .text.osRtxThreadGetRunning  rtx_mutex.o
    0x0800412c   0x0800412c   0x0000000c   Code   RO         1256    .text.osRtxThreadGetRunning  rtx_thread.o
    0x08004138   0x08004138   0x0000000c   Code   RO         1424    .text.osRtxThreadGetRunning  rtx_timer.o
    0x08004144   0x08004144   0x00000002   Code   RO         1272    .text.osRtxThreadId  rtx_thread.o
    0x08004146   0x08004146   0x00000002   PAD
    0x08004148   0x08004148   0x00000026   Code   RO         1366    .text.osRtxThreadJoinWakeup  rtx_thread.o
    0x0800416e   0x0800416e   0x00000002   PAD
    0x08004170   0x08004170   0x00000018   Code   RO         1222    .text.osRtxThreadListGet  rtx_thread.o
    0x08004188   0x08004188   0x00000034   Code   RO         1218    .text.osRtxThreadListPut  rtx_thread.o
    0x080041bc   0x080041bc   0x0000001a   Code   RO         1228    .text.osRtxThreadListRemove  rtx_thread.o
    0x080041d6   0x080041d6   0x00000002   PAD
    0x080041d8   0x080041d8   0x00000012   Code   RO         1234    .text.osRtxThreadListRoot  rtx_thread.o
    0x080041ea   0x080041ea   0x00000002   PAD
    0x080041ec   0x080041ec   0x00000030   Code   RO         1224    .text.osRtxThreadListSort  rtx_thread.o
    0x0800421c   0x0800421c   0x00000002   Code   RO         1186    .text.osRtxThreadObject  rtx_system.o
    0x0800421e   0x0800421e   0x00000002   PAD
    0x08004220   0x08004220   0x00000002   Code   RO         1220    .text.osRtxThreadObject  rtx_thread.o
    0x08004222   0x08004222   0x00000002   PAD
    0x08004224   0x08004224   0x00000038   Code   RO         1326    .text.osRtxThreadPostProcess  rtx_thread.o
    0x0800425c   0x0800425c   0x00000018   Code   RO         1230    .text.osRtxThreadReadyPut  rtx_thread.o
    0x08004274   0x08004274   0x00000010   Code   RO         1246    .text.osRtxThreadRegPtr  rtx_thread.o
    0x08004284   0x08004284   0x0000000c   Code   RO         1368    .text.osRtxThreadSetRunning  rtx_thread.o
    0x08004290   0x08004290   0x0000000c   Code   RO         1428    .text.osRtxThreadSetRunning  rtx_timer.o
    0x0800429c   0x0800429c   0x00000020   Code   RO         1268    .text.osRtxThreadStackCheck  rtx_thread.o
    0x080042bc   0x080042bc   0x00000050   Code   RO         1270    .text.osRtxThreadStartup  rtx_thread.o
    0x0800430c   0x0800430c   0x00000016   Code   RO         1250    .text.osRtxThreadSwitch  rtx_thread.o
    0x08004322   0x08004322   0x00000002   PAD
    0x08004324   0x08004324   0x0000005c   Code   RO         1264    .text.osRtxThreadWaitEnter  rtx_thread.o
    0x08004380   0x08004380   0x0000002a   Code   RO         1260    .text.osRtxThreadWaitExit  rtx_thread.o
    0x080043aa   0x080043aa   0x00000002   PAD
    0x080043ac   0x080043ac   0x0000008a   Code   RO         1178    .text.osRtxTick_Handler  rtx_system.o
    0x08004436   0x08004436   0x00000002   PAD
    0x08004438   0x08004438   0x00000026   Code   RO         1402    .text.osRtxTimerSetup  rtx_timer.o
    0x0800445e   0x0800445e   0x00000002   PAD
    0x08004460   0x08004460   0x0000002a   Code   RO         1406    .text.osRtxTimerThread  rtx_timer.o
    0x0800448a   0x0800448a   0x00000002   PAD
    0x0800448c   0x0800448c   0x00000088   Code   RO         1404    .text.osRtxTimerTick  rtx_timer.o
    0x08004514   0x08004514   0x0000001a   Code   RO         1308    .text.osThreadExit  rtx_thread.o
    0x0800452e   0x0800452e   0x00000002   PAD
    0x08004530   0x08004530   0x00000030   Code   RO         1316    .text.osThreadFlagsSet  rtx_thread.o
    0x08004560   0x08004560   0x0000003c   Code   RO         1324    .text.osThreadFlagsWait  rtx_thread.o
    0x0800459c   0x0800459c   0x0000003a   Code   RO         1276    .text.osThreadNew   rtx_thread.o
    0x080045d6   0x080045d6   0x00000002   PAD
    0x080045d8   0x080045d8   0x0000001e   Code   RO          874    .text.os_kernel_is_active  rtx_lib.o
    0x080045f6   0x080045f6   0x00000002   PAD
    0x080045f8   0x080045f8   0x00000034   Code   RO          346    .text.svcRtxDelay   rtx_delay.o
    0x0800462c   0x0800462c   0x00000008   Code   RO          794    .text.svcRtxKernelGetState  rtx_kernel.o
    0x08004634   0x08004634   0x00000014   Code   RO          810    .text.svcRtxKernelGetTickCount  rtx_kernel.o
    0x08004648   0x08004648   0x00000150   Code   RO          824    .text.svcRtxKernelInitialize  rtx_kernel.o
    0x08004798   0x08004798   0x00000084   Code   RO          828    .text.svcRtxKernelStart  rtx_kernel.o
    0x0800481c   0x0800481c   0x00000132   Code   RO         1062    .text.svcRtxMessageQueueGet  rtx_msgqueue.o
    0x0800494e   0x0800494e   0x00000002   PAD
    0x08004950   0x08004950   0x0000018e   Code   RO         1002    .text.svcRtxMessageQueueNew  rtx_msgqueue.o
    0x08004ade   0x08004ade   0x00000002   PAD
    0x08004ae0   0x08004ae0   0x00000114   Code   RO         1052    .text.svcRtxMessageQueuePut  rtx_msgqueue.o
    0x08004bf4   0x08004bf4   0x000000e6   Code   RO         1104    .text.svcRtxMutexAcquire  rtx_mutex.o
    0x08004cda   0x08004cda   0x00000002   PAD
    0x08004cdc   0x08004cdc   0x000000d8   Code   RO         1112    .text.svcRtxMutexDelete  rtx_mutex.o
    0x08004db4   0x08004db4   0x00000090   Code   RO         1098    .text.svcRtxMutexNew  rtx_mutex.o
    0x08004e44   0x08004e44   0x000000f8   Code   RO         1108    .text.svcRtxMutexRelease  rtx_mutex.o
    0x08004f3c   0x08004f3c   0x00000062   Code   RO         1364    .text.svcRtxThreadExit  rtx_thread.o
    0x08004f9e   0x08004f9e   0x00000002   PAD
    0x08004fa0   0x08004fa0   0x0000008e   Code   RO         1382    .text.svcRtxThreadFlagsSet  rtx_thread.o
    0x0800502e   0x0800502e   0x00000002   PAD
    0x08005030   0x08005030   0x000000a6   Code   RO         1392    .text.svcRtxThreadFlagsWait  rtx_thread.o
    0x080050d6   0x080050d6   0x00000002   PAD
    0x080050d8   0x080050d8   0x00000246   Code   RO         1274    .text.svcRtxThreadNew  rtx_thread.o
    0x0800531e   0x0800531e   0x00000002   PAD
    0x08005320   0x08005320   0x0000002e   Code   RO            8    .text.thrButton     blinky.o
    0x0800534e   0x0800534e   0x00000002   PAD
    0x08005350   0x08005350   0x00000060   Code   RO            6    .text.thrLED        blinky.o
    0x080053b0   0x080053b0   0x0000002a   Code   RO         1500    .text.vioGetSignal  vio_b-l475e-iot01a.o
    0x080053da   0x080053da   0x00000002   PAD
    0x080053dc   0x080053dc   0x0000008c   Code   RO         1494    .text.vioInit       vio_b-l475e-iot01a.o
    0x08005468   0x08005468   0x00000034   Code   RO         1498    .text.vioSetSignal  vio_b-l475e-iot01a.o
    0x0800549c   0x0800549c   0x0000001a   Code   RO         2715    x$fpl$fpinit        fz_wm.l(fpinit.o)
    0x080054b6   0x080054b6   0x00000002   PAD
    0x080054b8   0x080054b8   0x000000a8   Data   RO          888    .rodata             rtx_lib.o
    0x08005560   0x08005560   0x00000010   Data   RO         2402    .rodata.AHBPrescTable  system_stm32l4xx.o
    0x08005570   0x08005570   0x00000018   Data   RO         1588    .rodata.EventRecorderInfo  eventrecorder.o
    0x08005588   0x08005588   0x00000030   Data   RO         2404    .rodata.MSIRangeTable  system_stm32l4xx.o
    0x080055b8   0x080055b8   0x00000004   Data   RO          890    .rodata.osRtxUserSVC  rtx_lib.o
    0x080055bc   0x080055bc   0x00000024   Data   RO          885    .rodata.os_idle_thread_attr  rtx_lib.o
    0x080055e0   0x080055e0   0x00000018   Data   RO          887    .rodata.os_timer_mq_attr  rtx_lib.o
    0x080055f8   0x080055f8   0x00000024   Data   RO          886    .rodata.os_timer_thread_attr  rtx_lib.o
    0x0800561c   0x0800561c   0x0000000b   Data   RO          856    .rodata.str1.4      rtx_kernel.o
    0x08005627   0x08005627   0x00000001   PAD
    0x08005628   0x08005628   0x00000020   Data   RO         2776    Region$$Table       anon$$obj.o


    Execution Region RW_RAM1 (Exec base: 0x10000000, Load base: 0x080056b8, Size: 0x000004a4, Max: 0x00001000, ABSOLUTE, UNINIT)

    Exec Addr    Load Addr    Size         Type   Attr      Idx    E Section Name        Object

    0x10000000        -       0x000004a4   Zero   RW         1587    .bss.noinit         eventrecorder.o


    Execution Region RW_IRAM2 (Exec base: 0x10001000, Load base: 0x080056b8, Size: 0x00000000, Max: 0x00007000, ABSOLUTE)

    **** No section assigned to this execution region ****


    Execution Region RW_IRAM1 (Exec base: 0x20000000, Load base: 0x08005648, Size: 0x00006c80, Max: 0x00018000, ABSOLUTE, COMPRESSED[0x00000070])

    Exec Addr    Load Addr    Size         Type   Attr      Idx    E Section Name        Object

    0x20000000   COMPRESSED   0x00000004   Data   RW          129    .data.BUTTON_PORT   stm32l475e_iot01.o
    0x20000004   COMPRESSED   0x00000004   Data   RW          128    .data.GPIO_PORT     stm32l475e_iot01.o
    0x20000008   COMPRESSED   0x0000000c   Data   RW          250    .data.HTS221_H_Drv  hts221.o
    0x20000014   COMPRESSED   0x00000010   Data   RW          251    .data.HTS221_T_Drv  hts221.o
    0x20000024   COMPRESSED   0x0000000c   Data   RW          291    .data.LPS22HB_P_Drv  lps22hb.o
    0x20000030   COMPRESSED   0x00000034   Data   RW          321    .data.Lsm6dslAccDrv  lsm6dsl.o
    0x20000064   COMPRESSED   0x00000034   Data   RW          322    .data.Lsm6dslGyroDrv  lsm6dsl.o
    0x20000098   COMPRESSED   0x00000004   Data   RW         2401    .data.SystemCoreClock  system_stm32l4xx.o
    0x2000009c   COMPRESSED   0x000000a4   Data   RW          857    .data.os            rtx_kernel.o
    0x20000140   COMPRESSED   0x00000001   Data   RW         1668    .data.uwTickFreq    stm32l4xx_hal.o
    0x20000141   COMPRESSED   0x00000003   PAD
    0x20000144   COMPRESSED   0x00000004   Data   RW         1667    .data.uwTickPrio    stm32l4xx_hal.o
    0x20000148        -       0x00000060   Zero   RW         2634    .bss                c_w.l(libspace.o)
    0x200001a8        -       0x00000004   Zero   RW          157    .bss.AccelerometerDrv  stm32l475e_iot01_accelero.o
    0x200001ac        -       0x00000004   Zero   RW          174    .bss.GyroscopeDrv   stm32l475e_iot01_gyro.o
    0x200001b0        -       0x00000004   Zero   RW           30    .bss.HAL_GetTick.ticks  main.o
    0x200001b4        -       0x0000004c   Zero   RW          139    .bss.hI2cHandler    stm32l475e_iot01.o
    0x20000200        -       0x00005e00   Zero   RW          884    .bss.os             rtx_lib.o
    0x20006000        -       0x00000001   Zero   RW         1474    .bss.os             os_systick.o
    0x20006001   COMPRESSED   0x00000003   PAD
    0x20006004        -       0x00000034   Zero   RW          895    .bss.os.msgqueue.cb  rtx_lib.o
    0x20006038        -       0x00000050   Zero   RW          896    .bss.os.msgqueue.mem  rtx_lib.o
    0x20006088        -       0x00000088   Zero   RW          892    .bss.os.thread.cb   rtx_lib.o
    0x20006110        -       0x00000200   Zero   RW          893    .bss.os.thread.idle.stack  rtx_lib.o
    0x20006310        -       0x00000200   Zero   RW          894    .bss.os.thread.timer.stack  rtx_lib.o
    0x20006510        -       0x00000001   Zero   RW          897    .bss.os_kernel_is_active.os_kernel_active  rtx_lib.o
    0x20006511   COMPRESSED   0x00000003   PAD
    0x20006514        -       0x00000004   Zero   RW           11    .bss.tid_thrButton  blinky.o
    0x20006518        -       0x00000004   Zero   RW           10    .bss.tid_thrLED     blinky.o
    0x2000651c   COMPRESSED   0x00000004   PAD
    0x20006520        -       0x00000008   Zero   RW         1523    .bss.vioAddrIPv4    vio_b-l475e-iot01a.o
    0x20006528        -       0x00000020   Zero   RW         1524    .bss.vioAddrIPv6    vio_b-l475e-iot01a.o
    0x20006548        -       0x00000100   Zero   RW         1520    .bss.vioPrintMem    vio_b-l475e-iot01a.o
    0x20006648        -       0x00000004   Zero   RW         1518    .bss.vioSignalIn    vio_b-l475e-iot01a.o
    0x2000664c        -       0x00000004   Zero   RW         1519    .bss.vioSignalOut   vio_b-l475e-iot01a.o
    0x20006650        -       0x0000000c   Zero   RW         1521    .bss.vioValue       vio_b-l475e-iot01a.o
    0x2000665c        -       0x00000024   Zero   RW         1522    .bss.vioValueXYZ    vio_b-l475e-iot01a.o
    0x20006680        -       0x00000200   Zero   RW         2388    HEAP                startup_stm32l475xx.o
    0x20006880        -       0x00000400   Zero   RW         2387    STACK               startup_stm32l475xx.o


==============================================================================

Image component sizes


      Code (inc. data)   RO Data    RW Data    ZI Data      Debug   Object Name

       218          0          0          0          8       2995   blinky.o
      1276          0         24          0       1188      10346   eventrecorder.o
       440          8          0         28          0       3418   hts221.o
       272         16          0          0          0        828   irq_armv7m.o
       180          4          0         12          0       3375   lps22hb.o
       528         32          0        104          0       4321   lsm6dsl.o
       272          0          0          0          4       3810   main.o
       140          0          0          0          1       4828   os_systick.o
         4          0          0          0          0        726   rtx_config.o
       138          0          0          0          0       3222   rtx_delay.o
      1428          0          0          0          0      37903   rtx_evr.o
       806          0         11        164          0      15700   rtx_kernel.o
       376          0        268          0      25357       7787   rtx_lib.o
       408          0          0          0          0       2926   rtx_memory.o
       292          0          0          0          0      15273   rtx_mempool.o
      1934          0          0          0          0      18844   rtx_msgqueue.o
      1286          0          0          0          0      10275   rtx_mutex.o
       520         10          0          0          0       6608   rtx_system.o
      2908         10          0          0          0      33764   rtx_thread.o
       366          0          0          0          0      10546   rtx_timer.o
        64         26        392          0       1536        908   startup_stm32l475xx.o
       682          0          0          8         76      17328   stm32l475e_iot01.o
        44          0          0          0          4       2638   stm32l475e_iot01_accelero.o
        44          0          0          0          4       2504   stm32l475e_iot01_gyro.o
        34          0          0          0          0       1627   stm32l475e_iot01_hsensor.o
        34          0          0          0          0       1628   stm32l475e_iot01_psensor.o
        26          0          0          0          0       1805   stm32l475e_iot01_tsensor.o
       116          0          0          5          0       9160   stm32l4xx_hal.o
       258          0          0          0          0      11046   stm32l4xx_hal_cortex.o
       466          0          0          0          0       5665   stm32l4xx_hal_gpio.o
      1746          0          0          0          0      38390   stm32l4xx_hal_i2c.o
        74          0          0          0          0       6303   stm32l4xx_hal_i2c_ex.o
        76          0          0          0          0       3764   stm32l4xx_hal_msp.o
        18          0          0          0          0       5671   stm32l4xx_hal_pwr.o
       134          0          0          0          0       9832   stm32l4xx_hal_pwr_ex.o
      2124          0          0          0          0       9716   stm32l4xx_hal_rcc.o
        18          0          0          0          0      14339   stm32l4xx_hal_rcc_ex.o
        10          0          0          0          0        783   stm32l4xx_it.o
       272          4         64          4          0       3369   system_stm32l4xx.o
       234          0          0          0        352       5163   vio_b-l475e-iot01a.o

    ----------------------------------------------------------------------
     20544        110        792        328      28540     349134   Object Totals
         0          0         32          0          0          0   (incl. Generated)
       278          0          1          3         10          0   (incl. Padding)

    ----------------------------------------------------------------------

      Code (inc. data)   RO Data    RW Data    ZI Data      Debug   Library Member Name

        58          0          0          0          0          0   __dczerorl.o
         8          0          0          0          0         68   __main.o
         0          0          0          0          0          0   __rtentry.o
        20          0          0          0          0          0   __rtentry2.o
         6          0          0          0          0          0   __rtentry4.o
        52          8          0          0          0          0   __scatter.o
        28          0          0          0          0          0   __scatter_zi.o
        16          0          0          0          0         68   aeabi_memset4.o
        18          0          0          0          0         80   exit.o
         6          0          0          0          0        152   heapauxi.o
         0          0          0          0          0          0   indicate_semi.o
         2          0          0          0          0          0   libinit.o
         6          0          0          0          0          0   libinit2.o
         2          0          0          0          0          0   libshutdown.o
         2          0          0          0          0          0   libshutdown2.o
         8          4          0          0         96         68   libspace.o
        68          0          0          0          0         68   rt_memclr.o
        78          0          0          0          0         80   rt_memclr_w.o
       138          0          0          0          0         68   rt_memcpy_v6.o
       100          0          0          0          0         80   rt_memcpy_w.o
         2          0          0          0          0          0   rtexit.o
        10          0          0          0          0          0   rtexit2.o
        12          4          0          0          0         68   sys_exit.o
        74          0          0          0          0         80   sys_stackheap_outer.o
         2          0          0          0          0         68   use_no_semi.o
        26          0          0          0          0        116   fpinit.o

    ----------------------------------------------------------------------
       752         16          0          0         96       1064   Library Totals
        10          0          0          0          0          0   (incl. Padding)

    ----------------------------------------------------------------------

      Code (inc. data)   RO Data    RW Data    ZI Data      Debug   Library Name

       716         16          0          0         96        948   c_w.l
        26          0          0          0          0        116   fz_wm.l

    ----------------------------------------------------------------------
       752         16          0          0         96       1064   Library Totals

    ----------------------------------------------------------------------

==============================================================================


      Code (inc. data)   RO Data    RW Data    ZI Data      Debug   

     21296        126        792        328      28636     349042   Grand Totals
     21296        126        792        112      28636     349042   ELF Image Totals (compressed)
     21296        126        792        112          0          0   ROM Totals

==============================================================================

    Total RO  Size (Code + RO Data)                22088 (  21.57kB)
    Total RW  Size (RW Data + ZI Data)             28964 (  28.29kB)
    Total ROM Size (Code + RO Data + RW Data)      22200 (  21.68kB)

==============================================================================

